Archive member included because of file (symbol)

c:/users/ahmed/desktop/embedded system/nti/avr/tools/sdk_win_64/sdk_win_64/winavr/bin/../lib/gcc/avr/4.3.3/avr5\libgcc.a(_exit.o)
                              c:/users/ahmed/desktop/embedded system/nti/avr/tools/sdk_win_64/sdk_win_64/winavr/bin/../lib/gcc/avr/4.3.3/../../../../avr/lib/avr5/crtm32.o (exit)
c:/users/ahmed/desktop/embedded system/nti/avr/tools/sdk_win_64/sdk_win_64/winavr/bin/../lib/gcc/avr/4.3.3/avr5\libgcc.a(_copy_data.o)
                              ./MCAL/EXTI/EXTI_Config.o (__do_copy_data)
c:/users/ahmed/desktop/embedded system/nti/avr/tools/sdk_win_64/sdk_win_64/winavr/bin/../lib/gcc/avr/4.3.3/avr5\libgcc.a(_clear_bss.o)
                              ./MCAL/EXTI/EXTI_Prog.o (__do_clear_bss)

Memory Configuration

Name             Origin             Length             Attributes
text             0x00000000         0x00020000         xr
data             0x00800060         0x0000ffa0         rw !x
eeprom           0x00810000         0x00010000         rw !x
fuse             0x00820000         0x00000400         rw !x
lock             0x00830000         0x00000400         rw !x
signature        0x00840000         0x00000400         rw !x
*default*        0x00000000         0xffffffff

Linker script and memory map

LOAD c:/users/ahmed/desktop/embedded system/nti/avr/tools/sdk_win_64/sdk_win_64/winavr/bin/../lib/gcc/avr/4.3.3/../../../../avr/lib/avr5/crtm32.o
LOAD ./MCAL/EXTI/EXTI_Config.o
LOAD ./MCAL/EXTI/EXTI_Prog.o
LOAD ./MCAL/EEPROM/EEPROM.o
LOAD ./MCAL/DIO/DIO.o
LOAD ./MCAL/ADC/ADC.o
LOAD ./APP/main.o
LOAD c:/users/ahmed/desktop/embedded system/nti/avr/tools/sdk_win_64/sdk_win_64/winavr/bin/../lib/gcc/avr/4.3.3/avr5\libgcc.a
LOAD c:/users/ahmed/desktop/embedded system/nti/avr/tools/sdk_win_64/sdk_win_64/winavr/bin/../lib/gcc/avr/4.3.3/../../../../avr/lib/avr5\libc.a
LOAD c:/users/ahmed/desktop/embedded system/nti/avr/tools/sdk_win_64/sdk_win_64/winavr/bin/../lib/gcc/avr/4.3.3/avr5\libgcc.a

.hash
 *(.hash)

.dynsym
 *(.dynsym)

.dynstr
 *(.dynstr)

.gnu.version
 *(.gnu.version)

.gnu.version_d
 *(.gnu.version_d)

.gnu.version_r
 *(.gnu.version_r)

.rel.init
 *(.rel.init)

.rela.init
 *(.rela.init)

.rel.text
 *(.rel.text)
 *(.rel.text.*)
 *(.rel.gnu.linkonce.t*)

.rela.text
 *(.rela.text)
 *(.rela.text.*)
 *(.rela.gnu.linkonce.t*)

.rel.fini
 *(.rel.fini)

.rela.fini
 *(.rela.fini)

.rel.rodata
 *(.rel.rodata)
 *(.rel.rodata.*)
 *(.rel.gnu.linkonce.r*)

.rela.rodata
 *(.rela.rodata)
 *(.rela.rodata.*)
 *(.rela.gnu.linkonce.r*)

.rel.data
 *(.rel.data)
 *(.rel.data.*)
 *(.rel.gnu.linkonce.d*)

.rela.data
 *(.rela.data)
 *(.rela.data.*)
 *(.rela.gnu.linkonce.d*)

.rel.ctors
 *(.rel.ctors)

.rela.ctors
 *(.rela.ctors)

.rel.dtors
 *(.rel.dtors)

.rela.dtors
 *(.rela.dtors)

.rel.got
 *(.rel.got)

.rela.got
 *(.rela.got)

.rel.bss
 *(.rel.bss)

.rela.bss
 *(.rela.bss)

.rel.plt
 *(.rel.plt)

.rela.plt
 *(.rela.plt)

.text           0x00000000     0x17ee
 *(.vectors)
 .vectors       0x00000000       0x54 c:/users/ahmed/desktop/embedded system/nti/avr/tools/sdk_win_64/sdk_win_64/winavr/bin/../lib/gcc/avr/4.3.3/../../../../avr/lib/avr5/crtm32.o
                0x00000000                __vectors
                0x00000000                __vector_default
 *(.vectors)
 *(.progmem.gcc*)
 *(.progmem*)
                0x00000054                . = ALIGN (0x2)
                0x00000054                __trampolines_start = .
 *(.trampolines)
 .trampolines   0x00000054        0x0 linker stubs
 *(.trampolines*)
                0x00000054                __trampolines_end = .
 *(.jumptables)
 *(.jumptables*)
 *(.lowtext)
 *(.lowtext*)
                0x00000054                __ctors_start = .
 *(.ctors)
                0x00000054                __ctors_end = .
                0x00000054                __dtors_start = .
 *(.dtors)
                0x00000054                __dtors_end = .
 SORT(*)(.ctors)
 SORT(*)(.dtors)
 *(.init0)
 .init0         0x00000054        0x0 c:/users/ahmed/desktop/embedded system/nti/avr/tools/sdk_win_64/sdk_win_64/winavr/bin/../lib/gcc/avr/4.3.3/../../../../avr/lib/avr5/crtm32.o
                0x00000054                __init
 *(.init0)
 *(.init1)
 *(.init1)
 *(.init2)
 .init2         0x00000054        0xc c:/users/ahmed/desktop/embedded system/nti/avr/tools/sdk_win_64/sdk_win_64/winavr/bin/../lib/gcc/avr/4.3.3/../../../../avr/lib/avr5/crtm32.o
 *(.init2)
 *(.init3)
 *(.init3)
 *(.init4)
 .init4         0x00000060       0x16 c:/users/ahmed/desktop/embedded system/nti/avr/tools/sdk_win_64/sdk_win_64/winavr/bin/../lib/gcc/avr/4.3.3/avr5\libgcc.a(_copy_data.o)
                0x00000060                __do_copy_data
 .init4         0x00000076       0x10 c:/users/ahmed/desktop/embedded system/nti/avr/tools/sdk_win_64/sdk_win_64/winavr/bin/../lib/gcc/avr/4.3.3/avr5\libgcc.a(_clear_bss.o)
                0x00000076                __do_clear_bss
 *(.init4)
 *(.init5)
 *(.init5)
 *(.init6)
 *(.init6)
 *(.init7)
 *(.init7)
 *(.init8)
 *(.init8)
 *(.init9)
 .init9         0x00000086        0x8 c:/users/ahmed/desktop/embedded system/nti/avr/tools/sdk_win_64/sdk_win_64/winavr/bin/../lib/gcc/avr/4.3.3/../../../../avr/lib/avr5/crtm32.o
 *(.init9)
 *(.text)
 .text          0x0000008e        0x4 c:/users/ahmed/desktop/embedded system/nti/avr/tools/sdk_win_64/sdk_win_64/winavr/bin/../lib/gcc/avr/4.3.3/../../../../avr/lib/avr5/crtm32.o
                0x0000008e                __vector_12
                0x0000008e                __bad_interrupt
                0x0000008e                __vector_6
                0x0000008e                __vector_11
                0x0000008e                __vector_13
                0x0000008e                __vector_17
                0x0000008e                __vector_19
                0x0000008e                __vector_7
                0x0000008e                __vector_5
                0x0000008e                __vector_4
                0x0000008e                __vector_9
                0x0000008e                __vector_15
                0x0000008e                __vector_8
                0x0000008e                __vector_14
                0x0000008e                __vector_10
                0x0000008e                __vector_18
                0x0000008e                __vector_20
 .text          0x00000092        0x0 ./MCAL/EXTI/EXTI_Config.o
 .text          0x00000092        0x0 ./MCAL/EXTI/EXTI_Prog.o
 .text          0x00000092        0x0 ./MCAL/EEPROM/EEPROM.o
 .text          0x00000092        0x0 ./MCAL/DIO/DIO.o
 .text          0x00000092        0x0 ./MCAL/ADC/ADC.o
 .text          0x00000092        0x0 ./APP/main.o
 .text          0x00000092        0x0 c:/users/ahmed/desktop/embedded system/nti/avr/tools/sdk_win_64/sdk_win_64/winavr/bin/../lib/gcc/avr/4.3.3/avr5\libgcc.a(_exit.o)
 .text          0x00000092        0x0 c:/users/ahmed/desktop/embedded system/nti/avr/tools/sdk_win_64/sdk_win_64/winavr/bin/../lib/gcc/avr/4.3.3/avr5\libgcc.a(_copy_data.o)
 .text          0x00000092        0x0 c:/users/ahmed/desktop/embedded system/nti/avr/tools/sdk_win_64/sdk_win_64/winavr/bin/../lib/gcc/avr/4.3.3/avr5\libgcc.a(_clear_bss.o)
                0x00000092                . = ALIGN (0x2)
 *(.text.*)
 .text.EXTI_enuInit
                0x00000092      0x4e4 ./MCAL/EXTI/EXTI_Prog.o
                0x00000092                EXTI_enuInit
 .text.EXTI_enuSenseLvl
                0x00000576      0x28a ./MCAL/EXTI/EXTI_Prog.o
                0x00000576                EXTI_enuSenseLvl
 .text.EXTI_enuEnable
                0x00000800       0x96 ./MCAL/EXTI/EXTI_Prog.o
                0x00000800                EXTI_enuEnable
 .text.EXTI_enuDisable
                0x00000896       0x98 ./MCAL/EXTI/EXTI_Prog.o
                0x00000896                EXTI_enuDisable
 .text.EXTI_enuCallBack
                0x0000092e       0x86 ./MCAL/EXTI/EXTI_Prog.o
                0x0000092e                EXTI_enuCallBack
 .text.__vector_1
                0x000009b4       0x6e ./MCAL/EXTI/EXTI_Prog.o
                0x000009b4                __vector_1
 .text.__vector_2
                0x00000a22       0x6e ./MCAL/EXTI/EXTI_Prog.o
                0x00000a22                __vector_2
 .text.__vector_3
                0x00000a90       0x6e ./MCAL/EXTI/EXTI_Prog.o
                0x00000a90                __vector_3
 .text.EEPROM_write
                0x00000afe       0x72 ./MCAL/EEPROM/EEPROM.o
                0x00000afe                EEPROM_write
 .text.EEPROM_read
                0x00000b70       0x70 ./MCAL/EEPROM/EEPROM.o
                0x00000b70                EEPROM_read
 .text.M_DIO_enuSetPortDirection
                0x00000be0       0x98 ./MCAL/DIO/DIO.o
                0x00000be0                M_DIO_enuSetPortDirection
 .text.M_DIO_enuSetPinDirection
                0x00000c78      0x1d6 ./MCAL/DIO/DIO.o
                0x00000c78                M_DIO_enuSetPinDirection
 .text.M_DIO_enuSetPortValue
                0x00000e4e       0x98 ./MCAL/DIO/DIO.o
                0x00000e4e                M_DIO_enuSetPortValue
 .text.M_DIO_enuSetPinValue
                0x00000ee6      0x1d6 ./MCAL/DIO/DIO.o
                0x00000ee6                M_DIO_enuSetPinValue
 .text.M_DIO_enuGetPINValue
                0x000010bc       0xbc ./MCAL/DIO/DIO.o
                0x000010bc                M_DIO_enuGetPINValue
 .text.M_DIO_enuGetPinValue
                0x00001178      0x13a ./MCAL/DIO/DIO.o
                0x00001178                M_DIO_enuGetPinValue
 .text.M_DIO_enuTogglePortValue
                0x000012b2       0xac ./MCAL/DIO/DIO.o
                0x000012b2                M_DIO_enuTogglePortValue
 .text.M_DIO_enuTogglePinValue
                0x0000135e      0x11a ./MCAL/DIO/DIO.o
                0x0000135e                M_DIO_enuTogglePinValue
 .text.ADC_Init
                0x00001478       0x4e ./MCAL/ADC/ADC.o
                0x00001478                ADC_Init
 .text.ADC_Start
                0x000014c6       0x1c ./MCAL/ADC/ADC.o
                0x000014c6                ADC_Start
 .text.ADC_Read
                0x000014e2       0x3e ./MCAL/ADC/ADC.o
                0x000014e2                ADC_Read
 .text.ADC_Callback
                0x00001520       0x88 ./MCAL/ADC/ADC.o
                0x00001520                ADC_Callback
 .text.__vector_16
                0x000015a8      0x238 ./MCAL/ADC/ADC.o
                0x000015a8                __vector_16
 .text.main     0x000017e0        0xa ./APP/main.o
                0x000017e0                main
 .text.libgcc   0x000017ea        0x0 c:/users/ahmed/desktop/embedded system/nti/avr/tools/sdk_win_64/sdk_win_64/winavr/bin/../lib/gcc/avr/4.3.3/avr5\libgcc.a(_exit.o)
 .text.libgcc   0x000017ea        0x0 c:/users/ahmed/desktop/embedded system/nti/avr/tools/sdk_win_64/sdk_win_64/winavr/bin/../lib/gcc/avr/4.3.3/avr5\libgcc.a(_copy_data.o)
 .text.libgcc   0x000017ea        0x0 c:/users/ahmed/desktop/embedded system/nti/avr/tools/sdk_win_64/sdk_win_64/winavr/bin/../lib/gcc/avr/4.3.3/avr5\libgcc.a(_clear_bss.o)
                0x000017ea                . = ALIGN (0x2)
 *(.fini9)
 .fini9         0x000017ea        0x0 c:/users/ahmed/desktop/embedded system/nti/avr/tools/sdk_win_64/sdk_win_64/winavr/bin/../lib/gcc/avr/4.3.3/avr5\libgcc.a(_exit.o)
                0x000017ea                exit
                0x000017ea                _exit
 *(.fini9)
 *(.fini8)
 *(.fini8)
 *(.fini7)
 *(.fini7)
 *(.fini6)
 *(.fini6)
 *(.fini5)
 *(.fini5)
 *(.fini4)
 *(.fini4)
 *(.fini3)
 *(.fini3)
 *(.fini2)
 *(.fini2)
 *(.fini1)
 *(.fini1)
 *(.fini0)
 .fini0         0x000017ea        0x4 c:/users/ahmed/desktop/embedded system/nti/avr/tools/sdk_win_64/sdk_win_64/winavr/bin/../lib/gcc/avr/4.3.3/avr5\libgcc.a(_exit.o)
 *(.fini0)
                0x000017ee                _etext = .

.data           0x00800060        0xc load address 0x000017ee
                0x00800060                PROVIDE (__data_start, .)
 *(.data)
 .data          0x00800060        0x0 c:/users/ahmed/desktop/embedded system/nti/avr/tools/sdk_win_64/sdk_win_64/winavr/bin/../lib/gcc/avr/4.3.3/../../../../avr/lib/avr5/crtm32.o
 .data          0x00800060        0x0 ./MCAL/EXTI/EXTI_Config.o
 .data          0x00800060        0x0 ./MCAL/EXTI/EXTI_Prog.o
 .data          0x00800060        0x0 ./MCAL/EEPROM/EEPROM.o
 .data          0x00800060        0x0 ./MCAL/DIO/DIO.o
 .data          0x00800060        0x0 ./MCAL/ADC/ADC.o
 .data          0x00800060        0x0 ./APP/main.o
 .data          0x00800060        0x0 c:/users/ahmed/desktop/embedded system/nti/avr/tools/sdk_win_64/sdk_win_64/winavr/bin/../lib/gcc/avr/4.3.3/avr5\libgcc.a(_exit.o)
 .data          0x00800060        0x0 c:/users/ahmed/desktop/embedded system/nti/avr/tools/sdk_win_64/sdk_win_64/winavr/bin/../lib/gcc/avr/4.3.3/avr5\libgcc.a(_copy_data.o)
 .data          0x00800060        0x0 c:/users/ahmed/desktop/embedded system/nti/avr/tools/sdk_win_64/sdk_win_64/winavr/bin/../lib/gcc/avr/4.3.3/avr5\libgcc.a(_clear_bss.o)
 *(.data*)
 .data.EXTI_u8EXTINum
                0x00800060        0x1 ./MCAL/EXTI/EXTI_Config.o
                0x00800060                EXTI_u8EXTINum
 .data.EXTI_AstrEXTIConfig
                0x00800061        0x9 ./MCAL/EXTI/EXTI_Config.o
                0x00800061                EXTI_AstrEXTIConfig
 .data.channel.1266
                0x0080006a        0x1 ./MCAL/ADC/ADC.o
 *(.rodata)
 *(.rodata*)
 *(.gnu.linkonce.d*)
                0x0080006c                . = ALIGN (0x2)
 *fill*         0x0080006b        0x1 00
                0x0080006c                _edata = .
                0x0080006c                PROVIDE (__data_end, .)

.bss            0x0080006c       0x20
                0x0080006c                PROVIDE (__bss_start, .)
 *(.bss)
 .bss           0x0080006c        0x0 c:/users/ahmed/desktop/embedded system/nti/avr/tools/sdk_win_64/sdk_win_64/winavr/bin/../lib/gcc/avr/4.3.3/../../../../avr/lib/avr5/crtm32.o
 .bss           0x0080006c        0x0 ./MCAL/EXTI/EXTI_Config.o
 .bss           0x0080006c        0x0 ./MCAL/EXTI/EXTI_Prog.o
 .bss           0x0080006c        0x0 ./MCAL/EEPROM/EEPROM.o
 .bss           0x0080006c        0x0 ./MCAL/DIO/DIO.o
 .bss           0x0080006c        0x0 ./MCAL/ADC/ADC.o
 .bss           0x0080006c        0x0 ./APP/main.o
 .bss           0x0080006c        0x0 c:/users/ahmed/desktop/embedded system/nti/avr/tools/sdk_win_64/sdk_win_64/winavr/bin/../lib/gcc/avr/4.3.3/avr5\libgcc.a(_exit.o)
 .bss           0x0080006c        0x0 c:/users/ahmed/desktop/embedded system/nti/avr/tools/sdk_win_64/sdk_win_64/winavr/bin/../lib/gcc/avr/4.3.3/avr5\libgcc.a(_copy_data.o)
 .bss           0x0080006c        0x0 c:/users/ahmed/desktop/embedded system/nti/avr/tools/sdk_win_64/sdk_win_64/winavr/bin/../lib/gcc/avr/4.3.3/avr5\libgcc.a(_clear_bss.o)
 *(.bss*)
 .bss.ApFunApp  0x0080006c        0x6 ./MCAL/EXTI/EXTI_Prog.o
 .bss.AvpAppParameter
                0x00800072        0x6 ./MCAL/EXTI/EXTI_Prog.o
 .bss.ADC_pAppFunParameter
                0x00800078       0x10 ./MCAL/ADC/ADC.o
 .bss.count.1267
                0x00800088        0x1 ./MCAL/ADC/ADC.o
 .bss.ADC_AppFun
                0x00800089        0x2 ./MCAL/ADC/ADC.o
 .bss.ADC_pAppFunParameterNum
                0x0080008b        0x1 ./MCAL/ADC/ADC.o
 *(COMMON)
                0x0080008c                PROVIDE (__bss_end, .)
                0x000017ee                __data_load_start = LOADADDR (.data)
                0x000017fa                __data_load_end = (__data_load_start + SIZEOF (.data))

.noinit         0x0080008c        0x0
                0x0080008c                PROVIDE (__noinit_start, .)
 *(.noinit*)
                0x0080008c                PROVIDE (__noinit_end, .)
                0x0080008c                _end = .
                0x0080008c                PROVIDE (__heap_start, .)

.eeprom         0x00810000        0x0
 *(.eeprom*)
                0x00810000                __eeprom_end = .

.fuse
 *(.fuse)
 *(.lfuse)
 *(.hfuse)
 *(.efuse)

.lock
 *(.lock*)

.signature
 *(.signature*)

.stab           0x00000000     0x192c
 *(.stab)
 .stab          0x00000000      0x234 ./MCAL/EXTI/EXTI_Config.o
 .stab          0x00000234      0x654 ./MCAL/EXTI/EXTI_Prog.o
                                0x774 (size before relaxing)
 .stab          0x00000888      0x2c4 ./MCAL/EEPROM/EEPROM.o
                                0x2d0 (size before relaxing)
 .stab          0x00000b4c      0x78c ./MCAL/DIO/DIO.o
                                0x798 (size before relaxing)
 .stab          0x000012d8      0x564 ./MCAL/ADC/ADC.o
                                0x570 (size before relaxing)
 .stab          0x0000183c       0xf0 ./APP/main.o
                                 0xfc (size before relaxing)

.stabstr        0x00000000      0xf26
 *(.stabstr)
 .stabstr       0x00000000      0xf26 ./MCAL/EXTI/EXTI_Config.o

.stab.excl
 *(.stab.excl)

.stab.exclstr
 *(.stab.exclstr)

.stab.index
 *(.stab.index)

.stab.indexstr
 *(.stab.indexstr)

.comment
 *(.comment)

.debug
 *(.debug)

.line
 *(.line)

.debug_srcinfo
 *(.debug_srcinfo)

.debug_sfnames
 *(.debug_sfnames)

.debug_aranges
 *(.debug_aranges)

.debug_pubnames
 *(.debug_pubnames)

.debug_info
 *(.debug_info)
 *(.gnu.linkonce.wi.*)

.debug_abbrev
 *(.debug_abbrev)

.debug_line
 *(.debug_line)

.debug_frame
 *(.debug_frame)

.debug_str
 *(.debug_str)

.debug_loc
 *(.debug_loc)

.debug_macinfo
 *(.debug_macinfo)
OUTPUT(Atmega32_All_Drivers.elf elf32-avr)
LOAD linker stubs
