Archive member included because of file (symbol)

c:/users/ahmed/desktop/embedded system/nti/avr/tools/sdk_win_64/sdk_win_64/winavr/bin/../lib/gcc/avr/4.3.3/avr5\libgcc.a(_mulsi3.o)
                              ./MCAL/ADC/ADC.o (__mulsi3)
c:/users/ahmed/desktop/embedded system/nti/avr/tools/sdk_win_64/sdk_win_64/winavr/bin/../lib/gcc/avr/4.3.3/avr5\libgcc.a(_udivmodsi4.o)
                              ./MCAL/ADC/ADC.o (__udivmodsi4)
c:/users/ahmed/desktop/embedded system/nti/avr/tools/sdk_win_64/sdk_win_64/winavr/bin/../lib/gcc/avr/4.3.3/avr5\libgcc.a(_divmodsi4.o)
                              ./HAL/LCD/LCD_Prog.o (__divmodsi4)
c:/users/ahmed/desktop/embedded system/nti/avr/tools/sdk_win_64/sdk_win_64/winavr/bin/../lib/gcc/avr/4.3.3/avr5\libgcc.a(_exit.o)
                              c:/users/ahmed/desktop/embedded system/nti/avr/tools/sdk_win_64/sdk_win_64/winavr/bin/../lib/gcc/avr/4.3.3/../../../../avr/lib/avr5/crtm32.o (exit)
c:/users/ahmed/desktop/embedded system/nti/avr/tools/sdk_win_64/sdk_win_64/winavr/bin/../lib/gcc/avr/4.3.3/avr5\libgcc.a(_copy_data.o)
                              ./SERVICE/FreeRTOS/tasks.o (__do_copy_data)
c:/users/ahmed/desktop/embedded system/nti/avr/tools/sdk_win_64/sdk_win_64/winavr/bin/../lib/gcc/avr/4.3.3/avr5\libgcc.a(_clear_bss.o)
                              ./SERVICE/FreeRTOS/croutine.o (__do_clear_bss)
c:/users/ahmed/desktop/embedded system/nti/avr/tools/sdk_win_64/sdk_win_64/winavr/bin/../lib/gcc/avr/4.3.3/avr5\libgcc.a(_addsub_sf.o)
                              ./HAL/LCD/LCD_Prog.o (__subsf3)
c:/users/ahmed/desktop/embedded system/nti/avr/tools/sdk_win_64/sdk_win_64/winavr/bin/../lib/gcc/avr/4.3.3/avr5\libgcc.a(_mul_sf.o)
                              ./HAL/LCD/LCD_Prog.o (__mulsf3)
c:/users/ahmed/desktop/embedded system/nti/avr/tools/sdk_win_64/sdk_win_64/winavr/bin/../lib/gcc/avr/4.3.3/avr5\libgcc.a(_eq_sf.o)
                              ./HAL/LCD/LCD_Prog.o (__eqsf2)
c:/users/ahmed/desktop/embedded system/nti/avr/tools/sdk_win_64/sdk_win_64/winavr/bin/../lib/gcc/avr/4.3.3/avr5\libgcc.a(_si_to_sf.o)
                              ./HAL/LCD/LCD_Prog.o (__floatsisf)
c:/users/ahmed/desktop/embedded system/nti/avr/tools/sdk_win_64/sdk_win_64/winavr/bin/../lib/gcc/avr/4.3.3/avr5\libgcc.a(_sf_to_si.o)
                              ./HAL/LCD/LCD_Prog.o (__fixsfsi)
c:/users/ahmed/desktop/embedded system/nti/avr/tools/sdk_win_64/sdk_win_64/winavr/bin/../lib/gcc/avr/4.3.3/avr5\libgcc.a(_thenan_sf.o)
                              c:/users/ahmed/desktop/embedded system/nti/avr/tools/sdk_win_64/sdk_win_64/winavr/bin/../lib/gcc/avr/4.3.3/avr5\libgcc.a(_addsub_sf.o) (__thenan_sf)
c:/users/ahmed/desktop/embedded system/nti/avr/tools/sdk_win_64/sdk_win_64/winavr/bin/../lib/gcc/avr/4.3.3/avr5\libgcc.a(_prologue.o)
                              c:/users/ahmed/desktop/embedded system/nti/avr/tools/sdk_win_64/sdk_win_64/winavr/bin/../lib/gcc/avr/4.3.3/avr5\libgcc.a(_addsub_sf.o) (__prologue_saves__)
c:/users/ahmed/desktop/embedded system/nti/avr/tools/sdk_win_64/sdk_win_64/winavr/bin/../lib/gcc/avr/4.3.3/avr5\libgcc.a(_epilogue.o)
                              c:/users/ahmed/desktop/embedded system/nti/avr/tools/sdk_win_64/sdk_win_64/winavr/bin/../lib/gcc/avr/4.3.3/avr5\libgcc.a(_addsub_sf.o) (__epilogue_restores__)
c:/users/ahmed/desktop/embedded system/nti/avr/tools/sdk_win_64/sdk_win_64/winavr/bin/../lib/gcc/avr/4.3.3/avr5\libgcc.a(_clzsi2.o)
                              c:/users/ahmed/desktop/embedded system/nti/avr/tools/sdk_win_64/sdk_win_64/winavr/bin/../lib/gcc/avr/4.3.3/avr5\libgcc.a(_si_to_sf.o) (__clzsi2)
c:/users/ahmed/desktop/embedded system/nti/avr/tools/sdk_win_64/sdk_win_64/winavr/bin/../lib/gcc/avr/4.3.3/avr5\libgcc.a(_pack_sf.o)
                              c:/users/ahmed/desktop/embedded system/nti/avr/tools/sdk_win_64/sdk_win_64/winavr/bin/../lib/gcc/avr/4.3.3/avr5\libgcc.a(_addsub_sf.o) (__pack_f)
c:/users/ahmed/desktop/embedded system/nti/avr/tools/sdk_win_64/sdk_win_64/winavr/bin/../lib/gcc/avr/4.3.3/avr5\libgcc.a(_unpack_sf.o)
                              c:/users/ahmed/desktop/embedded system/nti/avr/tools/sdk_win_64/sdk_win_64/winavr/bin/../lib/gcc/avr/4.3.3/avr5\libgcc.a(_addsub_sf.o) (__unpack_f)
c:/users/ahmed/desktop/embedded system/nti/avr/tools/sdk_win_64/sdk_win_64/winavr/bin/../lib/gcc/avr/4.3.3/avr5\libgcc.a(_fpcmp_parts_sf.o)
                              c:/users/ahmed/desktop/embedded system/nti/avr/tools/sdk_win_64/sdk_win_64/winavr/bin/../lib/gcc/avr/4.3.3/avr5\libgcc.a(_eq_sf.o) (__fpcmp_parts_f)
c:/users/ahmed/desktop/embedded system/nti/avr/tools/sdk_win_64/sdk_win_64/winavr/bin/../lib/gcc/avr/4.3.3/avr5\libgcc.a(_clz.o)
                              c:/users/ahmed/desktop/embedded system/nti/avr/tools/sdk_win_64/sdk_win_64/winavr/bin/../lib/gcc/avr/4.3.3/avr5\libgcc.a(_clzsi2.o) (__clz_tab)
c:/users/ahmed/desktop/embedded system/nti/avr/tools/sdk_win_64/sdk_win_64/winavr/bin/../lib/gcc/avr/4.3.3/../../../../avr/lib/avr5\libc.a(memcpy.o)
                              ./SERVICE/FreeRTOS/queue.o (memcpy)
c:/users/ahmed/desktop/embedded system/nti/avr/tools/sdk_win_64/sdk_win_64/winavr/bin/../lib/gcc/avr/4.3.3/../../../../avr/lib/avr5\libc.a(memset.o)
                              ./SERVICE/FreeRTOS/tasks.o (memset)
c:/users/ahmed/desktop/embedded system/nti/avr/tools/sdk_win_64/sdk_win_64/winavr/bin/../lib/gcc/avr/4.3.3/../../../../avr/lib/avr5\libc.a(strncpy.o)
                              ./SERVICE/FreeRTOS/tasks.o (strncpy)

Allocating common symbols
Common symbol       size              file

AC                  0x1               ./APP/main.o
Temp                0x1               ./APP/main.o
Controlsem          0x2               ./APP/main.o
Login_Handler       0x2               ./APP/main.o
LCD_Handler         0x2               ./APP/main.o
Control_Handler     0x2               ./APP/main.o

Memory Configuration

Name             Origin             Length             Attributes
text             0x00000000         0x00020000         xr
data             0x00800060         0x0000ffa0         rw !x
eeprom           0x00810000         0x00010000         rw !x
fuse             0x00820000         0x00000400         rw !x
lock             0x00830000         0x00000400         rw !x
signature        0x00840000         0x00000400         rw !x
*default*        0x00000000         0xffffffff

Linker script and memory map

LOAD c:/users/ahmed/desktop/embedded system/nti/avr/tools/sdk_win_64/sdk_win_64/winavr/bin/../lib/gcc/avr/4.3.3/../../../../avr/lib/avr5/crtm32.o
LOAD ./SERVICE/FreeRTOS/croutine.o
LOAD ./SERVICE/FreeRTOS/heap_1.o
LOAD ./SERVICE/FreeRTOS/list.o
LOAD ./SERVICE/FreeRTOS/port.o
LOAD ./SERVICE/FreeRTOS/queue.o
LOAD ./SERVICE/FreeRTOS/tasks.o
LOAD ./SERVICE/FreeRTOS/timers.o
LOAD ./MCAL/UART/UART_Prog.o
LOAD ./MCAL/DIO/DIO.o
LOAD ./MCAL/ADC/ADC.o
LOAD ./HAL/LED/LED_Config.o
LOAD ./HAL/LED/LED_Prog.o
LOAD ./HAL/LCD/LCD_Prog.o
LOAD ./HAL/Keypad/Keypad_Prog.o
LOAD ./HAL/Buzzer/Buzzer_Config.o
LOAD ./HAL/Buzzer/Buzzer_Prog.o
LOAD ./HAL/AC/AC.o
LOAD ./APP/main.o
LOAD c:/users/ahmed/desktop/embedded system/nti/avr/tools/sdk_win_64/sdk_win_64/winavr/bin/../lib/gcc/avr/4.3.3/avr5\libgcc.a
LOAD c:/users/ahmed/desktop/embedded system/nti/avr/tools/sdk_win_64/sdk_win_64/winavr/bin/../lib/gcc/avr/4.3.3/../../../../avr/lib/avr5\libc.a
LOAD c:/users/ahmed/desktop/embedded system/nti/avr/tools/sdk_win_64/sdk_win_64/winavr/bin/../lib/gcc/avr/4.3.3/avr5\libgcc.a

.hash
 *(.hash)

.dynsym
 *(.dynsym)

.dynstr
 *(.dynstr)

.gnu.version
 *(.gnu.version)

.gnu.version_d
 *(.gnu.version_d)

.gnu.version_r
 *(.gnu.version_r)

.rel.init
 *(.rel.init)

.rela.init
 *(.rela.init)

.rel.text
 *(.rel.text)
 *(.rel.text.*)
 *(.rel.gnu.linkonce.t*)

.rela.text
 *(.rela.text)
 *(.rela.text.*)
 *(.rela.gnu.linkonce.t*)

.rel.fini
 *(.rel.fini)

.rela.fini
 *(.rela.fini)

.rel.rodata
 *(.rel.rodata)
 *(.rel.rodata.*)
 *(.rel.gnu.linkonce.r*)

.rela.rodata
 *(.rela.rodata)
 *(.rela.rodata.*)
 *(.rela.gnu.linkonce.r*)

.rel.data
 *(.rel.data)
 *(.rel.data.*)
 *(.rel.gnu.linkonce.d*)

.rela.data
 *(.rela.data)
 *(.rela.data.*)
 *(.rela.gnu.linkonce.d*)

.rel.ctors
 *(.rel.ctors)

.rela.ctors
 *(.rela.ctors)

.rel.dtors
 *(.rel.dtors)

.rela.dtors
 *(.rela.dtors)

.rel.got
 *(.rel.got)

.rela.got
 *(.rela.got)

.rel.bss
 *(.rel.bss)

.rela.bss
 *(.rela.bss)

.rel.plt
 *(.rel.plt)

.rela.plt
 *(.rela.plt)

.text           0x00000000     0x3e1c
 *(.vectors)
 .vectors       0x00000000       0x54 c:/users/ahmed/desktop/embedded system/nti/avr/tools/sdk_win_64/sdk_win_64/winavr/bin/../lib/gcc/avr/4.3.3/../../../../avr/lib/avr5/crtm32.o
                0x00000000                __vectors
                0x00000000                __vector_default
 *(.vectors)
 *(.progmem.gcc*)
 *(.progmem*)
                0x00000054                . = ALIGN (0x2)
                0x00000054                __trampolines_start = .
 *(.trampolines)
 .trampolines   0x00000054        0x0 linker stubs
 *(.trampolines*)
                0x00000054                __trampolines_end = .
 *(.jumptables)
 *(.jumptables*)
 *(.lowtext)
 *(.lowtext*)
                0x00000054                __ctors_start = .
 *(.ctors)
                0x00000054                __ctors_end = .
                0x00000054                __dtors_start = .
 *(.dtors)
                0x00000054                __dtors_end = .
 SORT(*)(.ctors)
 SORT(*)(.dtors)
 *(.init0)
 .init0         0x00000054        0x0 c:/users/ahmed/desktop/embedded system/nti/avr/tools/sdk_win_64/sdk_win_64/winavr/bin/../lib/gcc/avr/4.3.3/../../../../avr/lib/avr5/crtm32.o
                0x00000054                __init
 *(.init0)
 *(.init1)
 *(.init1)
 *(.init2)
 .init2         0x00000054        0xc c:/users/ahmed/desktop/embedded system/nti/avr/tools/sdk_win_64/sdk_win_64/winavr/bin/../lib/gcc/avr/4.3.3/../../../../avr/lib/avr5/crtm32.o
 *(.init2)
 *(.init3)
 *(.init3)
 *(.init4)
 .init4         0x00000060       0x16 c:/users/ahmed/desktop/embedded system/nti/avr/tools/sdk_win_64/sdk_win_64/winavr/bin/../lib/gcc/avr/4.3.3/avr5\libgcc.a(_copy_data.o)
                0x00000060                __do_copy_data
 .init4         0x00000076       0x10 c:/users/ahmed/desktop/embedded system/nti/avr/tools/sdk_win_64/sdk_win_64/winavr/bin/../lib/gcc/avr/4.3.3/avr5\libgcc.a(_clear_bss.o)
                0x00000076                __do_clear_bss
 *(.init4)
 *(.init5)
 *(.init5)
 *(.init6)
 *(.init6)
 *(.init7)
 *(.init7)
 *(.init8)
 *(.init8)
 *(.init9)
 .init9         0x00000086        0x8 c:/users/ahmed/desktop/embedded system/nti/avr/tools/sdk_win_64/sdk_win_64/winavr/bin/../lib/gcc/avr/4.3.3/../../../../avr/lib/avr5/crtm32.o
 *(.init9)
 *(.text)
 .text          0x0000008e        0x4 c:/users/ahmed/desktop/embedded system/nti/avr/tools/sdk_win_64/sdk_win_64/winavr/bin/../lib/gcc/avr/4.3.3/../../../../avr/lib/avr5/crtm32.o
                0x0000008e                __vector_1
                0x0000008e                __vector_12
                0x0000008e                __bad_interrupt
                0x0000008e                __vector_6
                0x0000008e                __vector_3
                0x0000008e                __vector_11
                0x0000008e                __vector_17
                0x0000008e                __vector_19
                0x0000008e                __vector_5
                0x0000008e                __vector_4
                0x0000008e                __vector_9
                0x0000008e                __vector_2
                0x0000008e                __vector_15
                0x0000008e                __vector_8
                0x0000008e                __vector_14
                0x0000008e                __vector_10
                0x0000008e                __vector_18
                0x0000008e                __vector_20
 .text          0x00000092        0x0 ./SERVICE/FreeRTOS/croutine.o
 .text          0x00000092        0x0 ./SERVICE/FreeRTOS/heap_1.o
 .text          0x00000092        0x0 ./SERVICE/FreeRTOS/list.o
 .text          0x00000092        0x0 ./SERVICE/FreeRTOS/port.o
 .text          0x00000092        0x0 ./SERVICE/FreeRTOS/queue.o
 .text          0x00000092        0x0 ./SERVICE/FreeRTOS/tasks.o
 .text          0x00000092        0x0 ./SERVICE/FreeRTOS/timers.o
 .text          0x00000092        0x0 ./MCAL/UART/UART_Prog.o
 .text          0x00000092        0x0 ./MCAL/DIO/DIO.o
 .text          0x00000092        0x0 ./MCAL/ADC/ADC.o
 .text          0x00000092        0x0 ./HAL/LED/LED_Config.o
 .text          0x00000092        0x0 ./HAL/LED/LED_Prog.o
 .text          0x00000092        0x0 ./HAL/LCD/LCD_Prog.o
 .text          0x00000092        0x0 ./HAL/Keypad/Keypad_Prog.o
 .text          0x00000092        0x0 ./HAL/Buzzer/Buzzer_Config.o
 .text          0x00000092        0x0 ./HAL/Buzzer/Buzzer_Prog.o
 .text          0x00000092        0x0 ./HAL/AC/AC.o
 .text          0x00000092        0x0 ./APP/main.o
 .text          0x00000092        0x0 c:/users/ahmed/desktop/embedded system/nti/avr/tools/sdk_win_64/sdk_win_64/winavr/bin/../lib/gcc/avr/4.3.3/avr5\libgcc.a(_mulsi3.o)
 .text          0x00000092        0x0 c:/users/ahmed/desktop/embedded system/nti/avr/tools/sdk_win_64/sdk_win_64/winavr/bin/../lib/gcc/avr/4.3.3/avr5\libgcc.a(_udivmodsi4.o)
 .text          0x00000092        0x0 c:/users/ahmed/desktop/embedded system/nti/avr/tools/sdk_win_64/sdk_win_64/winavr/bin/../lib/gcc/avr/4.3.3/avr5\libgcc.a(_divmodsi4.o)
 .text          0x00000092        0x0 c:/users/ahmed/desktop/embedded system/nti/avr/tools/sdk_win_64/sdk_win_64/winavr/bin/../lib/gcc/avr/4.3.3/avr5\libgcc.a(_exit.o)
 .text          0x00000092        0x0 c:/users/ahmed/desktop/embedded system/nti/avr/tools/sdk_win_64/sdk_win_64/winavr/bin/../lib/gcc/avr/4.3.3/avr5\libgcc.a(_copy_data.o)
 .text          0x00000092        0x0 c:/users/ahmed/desktop/embedded system/nti/avr/tools/sdk_win_64/sdk_win_64/winavr/bin/../lib/gcc/avr/4.3.3/avr5\libgcc.a(_clear_bss.o)
 .text          0x00000092      0x354 c:/users/ahmed/desktop/embedded system/nti/avr/tools/sdk_win_64/sdk_win_64/winavr/bin/../lib/gcc/avr/4.3.3/avr5\libgcc.a(_addsub_sf.o)
                0x0000032a                __subsf3
                0x0000038c                __addsf3
 .text          0x000003e6      0x1f4 c:/users/ahmed/desktop/embedded system/nti/avr/tools/sdk_win_64/sdk_win_64/winavr/bin/../lib/gcc/avr/4.3.3/avr5\libgcc.a(_mul_sf.o)
                0x000003e6                __mulsf3
 .text          0x000005da       0x60 c:/users/ahmed/desktop/embedded system/nti/avr/tools/sdk_win_64/sdk_win_64/winavr/bin/../lib/gcc/avr/4.3.3/avr5\libgcc.a(_eq_sf.o)
                0x000005da                __eqsf2
 .text          0x0000063a       0xbc c:/users/ahmed/desktop/embedded system/nti/avr/tools/sdk_win_64/sdk_win_64/winavr/bin/../lib/gcc/avr/4.3.3/avr5\libgcc.a(_si_to_sf.o)
                0x0000063a                __floatsisf
 .text          0x000006f6       0xa8 c:/users/ahmed/desktop/embedded system/nti/avr/tools/sdk_win_64/sdk_win_64/winavr/bin/../lib/gcc/avr/4.3.3/avr5\libgcc.a(_sf_to_si.o)
                0x000006f6                __fixsfsi
 .text          0x0000079e        0x0 c:/users/ahmed/desktop/embedded system/nti/avr/tools/sdk_win_64/sdk_win_64/winavr/bin/../lib/gcc/avr/4.3.3/avr5\libgcc.a(_thenan_sf.o)
 .text          0x0000079e        0x0 c:/users/ahmed/desktop/embedded system/nti/avr/tools/sdk_win_64/sdk_win_64/winavr/bin/../lib/gcc/avr/4.3.3/avr5\libgcc.a(_prologue.o)
 .text          0x0000079e        0x0 c:/users/ahmed/desktop/embedded system/nti/avr/tools/sdk_win_64/sdk_win_64/winavr/bin/../lib/gcc/avr/4.3.3/avr5\libgcc.a(_epilogue.o)
 .text          0x0000079e       0x9e c:/users/ahmed/desktop/embedded system/nti/avr/tools/sdk_win_64/sdk_win_64/winavr/bin/../lib/gcc/avr/4.3.3/avr5\libgcc.a(_clzsi2.o)
                0x0000079e                __clzsi2
 .text          0x0000083c      0x1aa c:/users/ahmed/desktop/embedded system/nti/avr/tools/sdk_win_64/sdk_win_64/winavr/bin/../lib/gcc/avr/4.3.3/avr5\libgcc.a(_pack_sf.o)
                0x0000083c                __pack_f
 .text          0x000009e6       0xf0 c:/users/ahmed/desktop/embedded system/nti/avr/tools/sdk_win_64/sdk_win_64/winavr/bin/../lib/gcc/avr/4.3.3/avr5\libgcc.a(_unpack_sf.o)
                0x000009e6                __unpack_f
 .text          0x00000ad6       0xb2 c:/users/ahmed/desktop/embedded system/nti/avr/tools/sdk_win_64/sdk_win_64/winavr/bin/../lib/gcc/avr/4.3.3/avr5\libgcc.a(_fpcmp_parts_sf.o)
                0x00000ad6                __fpcmp_parts_f
 .text          0x00000b88        0x0 c:/users/ahmed/desktop/embedded system/nti/avr/tools/sdk_win_64/sdk_win_64/winavr/bin/../lib/gcc/avr/4.3.3/avr5\libgcc.a(_clz.o)
 .text          0x00000b88        0x0 c:/users/ahmed/desktop/embedded system/nti/avr/tools/sdk_win_64/sdk_win_64/winavr/bin/../lib/gcc/avr/4.3.3/../../../../avr/lib/avr5\libc.a(memcpy.o)
 .text          0x00000b88        0x0 c:/users/ahmed/desktop/embedded system/nti/avr/tools/sdk_win_64/sdk_win_64/winavr/bin/../lib/gcc/avr/4.3.3/../../../../avr/lib/avr5\libc.a(memset.o)
 .text          0x00000b88        0x0 c:/users/ahmed/desktop/embedded system/nti/avr/tools/sdk_win_64/sdk_win_64/winavr/bin/../lib/gcc/avr/4.3.3/../../../../avr/lib/avr5\libc.a(strncpy.o)
                0x00000b88                . = ALIGN (0x2)
 *(.text.*)
 .text.xCoRoutineRemoveFromEventList
                0x00000b88       0x4e ./SERVICE/FreeRTOS/croutine.o
                0x00000b88                xCoRoutineRemoveFromEventList
 .text.vCoRoutineSchedule
                0x00000bd6      0x1c0 ./SERVICE/FreeRTOS/croutine.o
                0x00000bd6                vCoRoutineSchedule
 .text.vCoRoutineAddToDelayedList
                0x00000d96       0x7a ./SERVICE/FreeRTOS/croutine.o
                0x00000d96                vCoRoutineAddToDelayedList
 .text.xCoRoutineCreate
                0x00000e10       0xf4 ./SERVICE/FreeRTOS/croutine.o
                0x00000e10                xCoRoutineCreate
 .text.vPortFree
                0x00000f04        0x2 ./SERVICE/FreeRTOS/heap_1.o
                0x00000f04                vPortFree
 .text.vPortInitialiseBlocks
                0x00000f06        0xa ./SERVICE/FreeRTOS/heap_1.o
                0x00000f06                vPortInitialiseBlocks
 .text.xPortGetFreeHeapSize
                0x00000f10       0x14 ./SERVICE/FreeRTOS/heap_1.o
                0x00000f10                xPortGetFreeHeapSize
 .text.pvPortMalloc
                0x00000f24       0x4e ./SERVICE/FreeRTOS/heap_1.o
                0x00000f24                pvPortMalloc
 .text.vListInitialise
                0x00000f72       0x20 ./SERVICE/FreeRTOS/list.o
                0x00000f72                vListInitialise
 .text.vListInitialiseItem
                0x00000f92        0x8 ./SERVICE/FreeRTOS/list.o
                0x00000f92                vListInitialiseItem
 .text.vListInsertEnd
                0x00000f9a       0x52 ./SERVICE/FreeRTOS/list.o
                0x00000f9a                vListInsertEnd
 .text.vListInsert
                0x00000fec       0x6a ./SERVICE/FreeRTOS/list.o
                0x00000fec                vListInsert
 .text.vListRemove
                0x00001056       0x50 ./SERVICE/FreeRTOS/list.o
                0x00001056                vListRemove
 .text.pxPortInitialiseStack
                0x000010a6       0x90 ./SERVICE/FreeRTOS/port.o
                0x000010a6                pxPortInitialiseStack
 .text.xPortStartScheduler
                0x00001136       0x6a ./SERVICE/FreeRTOS/port.o
                0x00001136                xPortStartScheduler
 .text.vPortEndScheduler
                0x000011a0        0x2 ./SERVICE/FreeRTOS/port.o
                0x000011a0                vPortEndScheduler
 .text.vPortYieldFromTick
                0x000011a2       0xb6 ./SERVICE/FreeRTOS/port.o
                0x000011a2                vPortYieldFromTick
 .text.__vector_7
                0x00001258        0x6 ./SERVICE/FreeRTOS/port.o
                0x00001258                __vector_7
 .text.vPortYield
                0x0000125e       0xb2 ./SERVICE/FreeRTOS/port.o
                0x0000125e                vPortYield
 .text.uxQueueMessagesWaiting
                0x00001310       0x10 ./SERVICE/FreeRTOS/queue.o
                0x00001310                uxQueueMessagesWaiting
 .text.uxQueueMessagesWaitingFromISR
                0x00001320        0x6 ./SERVICE/FreeRTOS/queue.o
                0x00001320                uxQueueMessagesWaitingFromISR
 .text.xQueueIsQueueEmptyFromISR
                0x00001326       0x10 ./SERVICE/FreeRTOS/queue.o
                0x00001326                xQueueIsQueueEmptyFromISR
 .text.xQueueIsQueueFullFromISR
                0x00001336       0x12 ./SERVICE/FreeRTOS/queue.o
                0x00001336                xQueueIsQueueFullFromISR
 .text.vQueueDelete
                0x00001348       0x1c ./SERVICE/FreeRTOS/queue.o
                0x00001348                vQueueDelete
 .text.xQueueReceiveFromISR
                0x00001364       0x7e ./SERVICE/FreeRTOS/queue.o
                0x00001364                xQueueReceiveFromISR
 .text.prvUnlockQueue
                0x000013e2       0x80 ./SERVICE/FreeRTOS/queue.o
 .text.xQueueGenericReceive
                0x00001462      0x1ca ./SERVICE/FreeRTOS/queue.o
                0x00001462                xQueueGenericReceive
 .text.xQueueTakeMutexRecursive
                0x0000162c       0x5a ./SERVICE/FreeRTOS/queue.o
                0x0000162c                xQueueTakeMutexRecursive
 .text.prvCopyDataToQueue
                0x00001686       0x98 ./SERVICE/FreeRTOS/queue.o
 .text.xQueueGenericSendFromISR
                0x0000171e       0x50 ./SERVICE/FreeRTOS/queue.o
                0x0000171e                xQueueGenericSendFromISR
 .text.xQueueGenericSend
                0x0000176e      0x148 ./SERVICE/FreeRTOS/queue.o
                0x0000176e                xQueueGenericSend
 .text.xQueueGiveMutexRecursive
                0x000018b6       0x46 ./SERVICE/FreeRTOS/queue.o
                0x000018b6                xQueueGiveMutexRecursive
 .text.xQueueCreateMutex
                0x000018fc       0x58 ./SERVICE/FreeRTOS/queue.o
                0x000018fc                xQueueCreateMutex
 .text.xQueueCreate
                0x00001954       0xbe ./SERVICE/FreeRTOS/queue.o
                0x00001954                xQueueCreate
 .text.xQueueCreateCountingSemaphore
                0x00001a12       0x18 ./SERVICE/FreeRTOS/queue.o
                0x00001a12                xQueueCreateCountingSemaphore
 .text.xTaskIsTaskSuspended
                0x00001a2a       0x28 ./SERVICE/FreeRTOS/tasks.o
                0x00001a2a                xTaskIsTaskSuspended
 .text.vTaskSuspendAll
                0x00001a52        0xc ./SERVICE/FreeRTOS/tasks.o
                0x00001a52                vTaskSuspendAll
 .text.xTaskGetTickCount
                0x00001a5e       0x16 ./SERVICE/FreeRTOS/tasks.o
                0x00001a5e                xTaskGetTickCount
 .text.xTaskGetTickCountFromISR
                0x00001a74        0xc ./SERVICE/FreeRTOS/tasks.o
                0x00001a74                xTaskGetTickCountFromISR
 .text.uxTaskGetNumberOfTasks
                0x00001a80        0x6 ./SERVICE/FreeRTOS/tasks.o
                0x00001a80                uxTaskGetNumberOfTasks
 .text.vTaskSwitchContext
                0x00001a86       0x84 ./SERVICE/FreeRTOS/tasks.o
                0x00001a86                vTaskSwitchContext
 .text.vTaskSetTimeOutState
                0x00001b0a       0x16 ./SERVICE/FreeRTOS/tasks.o
                0x00001b0a                vTaskSetTimeOutState
 .text.xTaskCheckForTimeOut
                0x00001b20       0x7c ./SERVICE/FreeRTOS/tasks.o
                0x00001b20                xTaskCheckForTimeOut
 .text.vTaskMissedYield
                0x00001b9c        0x8 ./SERVICE/FreeRTOS/tasks.o
                0x00001b9c                vTaskMissedYield
 .text.xTaskGetCurrentTaskHandle
                0x00001ba4        0xc ./SERVICE/FreeRTOS/tasks.o
                0x00001ba4                xTaskGetCurrentTaskHandle
 .text.vTaskPriorityDisinherit
                0x00001bb0       0x5a ./SERVICE/FreeRTOS/tasks.o
                0x00001bb0                vTaskPriorityDisinherit
 .text.vTaskPriorityInherit
                0x00001c0a       0x94 ./SERVICE/FreeRTOS/tasks.o
                0x00001c0a                vTaskPriorityInherit
 .text.xTaskRemoveFromEventList
                0x00001c9e       0x7e ./SERVICE/FreeRTOS/tasks.o
                0x00001c9e                xTaskRemoveFromEventList
 .text.vTaskIncrementTick
                0x00001d1c      0x148 ./SERVICE/FreeRTOS/tasks.o
                0x00001d1c                vTaskIncrementTick
 .text.xTaskResumeFromISR
                0x00001e64       0x9c ./SERVICE/FreeRTOS/tasks.o
                0x00001e64                xTaskResumeFromISR
 .text.prvAddCurrentTaskToDelayedList
                0x00001f00       0x6e ./SERVICE/FreeRTOS/tasks.o
 .text.vTaskPlaceOnEventList
                0x00001f6e       0x58 ./SERVICE/FreeRTOS/tasks.o
                0x00001f6e                vTaskPlaceOnEventList
 .text.xTaskResumeAll
                0x00001fc6       0xf6 ./SERVICE/FreeRTOS/tasks.o
                0x00001fc6                xTaskResumeAll
 .text.vTaskResume
                0x000020bc       0x92 ./SERVICE/FreeRTOS/tasks.o
                0x000020bc                vTaskResume
 .text.vTaskSuspend
                0x0000214e       0xa2 ./SERVICE/FreeRTOS/tasks.o
                0x0000214e                vTaskSuspend
 .text.vTaskDelay
                0x000021f0       0x4e ./SERVICE/FreeRTOS/tasks.o
                0x000021f0                vTaskDelay
 .text.vTaskDelayUntil
                0x0000223e       0x78 ./SERVICE/FreeRTOS/tasks.o
                0x0000223e                vTaskDelayUntil
 .text.vTaskDelete
                0x000022b6       0x9a ./SERVICE/FreeRTOS/tasks.o
                0x000022b6                vTaskDelete
 .text.vTaskEndScheduler
                0x00002350        0xc ./SERVICE/FreeRTOS/tasks.o
                0x00002350                vTaskEndScheduler
 .text.prvIdleTask
                0x0000235c       0x66 ./SERVICE/FreeRTOS/tasks.o
 .text.xTaskGenericCreate
                0x000023c2      0x254 ./SERVICE/FreeRTOS/tasks.o
                0x000023c2                xTaskGenericCreate
 .text.vTaskStartScheduler
                0x00002616       0x56 ./SERVICE/FreeRTOS/tasks.o
                0x00002616                vTaskStartScheduler
 .text.UART_Init
                0x0000266c       0x40 ./MCAL/UART/UART_Prog.o
                0x0000266c                UART_Init
 .text.UART_Send
                0x000026ac        0x8 ./MCAL/UART/UART_Prog.o
                0x000026ac                UART_Send
 .text.UART_Receive
                0x000026b4        0x8 ./MCAL/UART/UART_Prog.o
                0x000026b4                UART_Receive
 .text.UART_Callback
                0x000026bc       0x12 ./MCAL/UART/UART_Prog.o
                0x000026bc                UART_Callback
 .text.__vector_13
                0x000026ce       0x5a ./MCAL/UART/UART_Prog.o
                0x000026ce                __vector_13
 .text.M_DIO_enuSetPortDirection
                0x00002728       0x2e ./MCAL/DIO/DIO.o
                0x00002728                M_DIO_enuSetPortDirection
 .text.M_DIO_enuSetPinDirection
                0x00002756       0xe4 ./MCAL/DIO/DIO.o
                0x00002756                M_DIO_enuSetPinDirection
 .text.M_DIO_enuSetPortValue
                0x0000283a       0x2e ./MCAL/DIO/DIO.o
                0x0000283a                M_DIO_enuSetPortValue
 .text.M_DIO_enuSetPinValue
                0x00002868       0xe4 ./MCAL/DIO/DIO.o
                0x00002868                M_DIO_enuSetPinValue
 .text.M_DIO_enuGetPINValue
                0x0000294c       0x3e ./MCAL/DIO/DIO.o
                0x0000294c                M_DIO_enuGetPINValue
 .text.M_DIO_enuGetPinValue
                0x0000298a       0x4c ./MCAL/DIO/DIO.o
                0x0000298a                M_DIO_enuGetPinValue
 .text.M_DIO_enuTogglePortValue
                0x000029d6       0x3e ./MCAL/DIO/DIO.o
                0x000029d6                M_DIO_enuTogglePortValue
 .text.M_DIO_enuTogglePinValue
                0x00002a14       0x78 ./MCAL/DIO/DIO.o
                0x00002a14                M_DIO_enuTogglePinValue
 .text.ADC_Init
                0x00002a8c       0x14 ./MCAL/ADC/ADC.o
                0x00002a8c                ADC_Init
 .text.ADC_Start
                0x00002aa0        0x4 ./MCAL/ADC/ADC.o
                0x00002aa0                ADC_Start
 .text.ADC_Read
                0x00002aa4        0xc ./MCAL/ADC/ADC.o
                0x00002aa4                ADC_Read
 .text.ADC_AdjustValue
                0x00002ab0       0x36 ./MCAL/ADC/ADC.o
                0x00002ab0                ADC_AdjustValue
 .text.__vector_16
                0x00002ae6       0xd2 ./MCAL/ADC/ADC.o
                0x00002ae6                __vector_16
 .text.LED_enuState
                0x00002bb8       0x3a ./HAL/LED/LED_Prog.o
                0x00002bb8                LED_enuState
 .text.LED_enuToggle
                0x00002bf2       0x2a ./HAL/LED/LED_Prog.o
                0x00002bf2                LED_enuToggle
 .text.LED_enuOff
                0x00002c1c       0x2c ./HAL/LED/LED_Prog.o
                0x00002c1c                LED_enuOff
 .text.LED_enuOn
                0x00002c48       0x2c ./HAL/LED/LED_Prog.o
                0x00002c48                LED_enuOn
 .text.LED_enuOnAll
                0x00002c74       0x44 ./HAL/LED/LED_Prog.o
                0x00002c74                LED_enuOnAll
 .text.LED_enuOffAll
                0x00002cb8       0x44 ./HAL/LED/LED_Prog.o
                0x00002cb8                LED_enuOffAll
 .text.LED_enuInit
                0x00002cfc       0x52 ./HAL/LED/LED_Prog.o
                0x00002cfc                LED_enuInit
 .text.LCD_enuLatch
                0x00002d4e       0xe2 ./HAL/LCD/LCD_Prog.o
 .text.LCD_enuWriteData
                0x00002e30       0x2e ./HAL/LCD/LCD_Prog.o
                0x00002e30                LCD_enuWriteData
 .text.LCD_enuWriteIntegerNum
                0x00002e5e       0xf4 ./HAL/LCD/LCD_Prog.o
                0x00002e5e                LCD_enuWriteIntegerNum
 .text.LCD_enuWriteFloatNum
                0x00002f52       0xca ./HAL/LCD/LCD_Prog.o
                0x00002f52                LCD_enuWriteFloatNum
 .text.LCD_enuWriteString
                0x0000301c       0x30 ./HAL/LCD/LCD_Prog.o
                0x0000301c                LCD_enuWriteString
 .text.LCD_enuWriteCommand
                0x0000304c       0x2e ./HAL/LCD/LCD_Prog.o
                0x0000304c                LCD_enuWriteCommand
 .text.LCD_enuCharacterGenerator
                0x0000307a       0x44 ./HAL/LCD/LCD_Prog.o
                0x0000307a                LCD_enuCharacterGenerator
 .text.LCD_enuGoToPosition
                0x000030be       0x42 ./HAL/LCD/LCD_Prog.o
                0x000030be                LCD_enuGoToPosition
 .text.LCD_enuStopWatch
                0x00003100       0x74 ./HAL/LCD/LCD_Prog.o
                0x00003100                LCD_enuStopWatch
 .text.LCD_enuInit
                0x00003174       0xea ./HAL/LCD/LCD_Prog.o
                0x00003174                LCD_enuInit
 .text.KEYPAD_enuGetPressedKey
                0x0000325e      0x192 ./HAL/Keypad/Keypad_Prog.o
                0x0000325e                KEYPAD_enuGetPressedKey
 .text.KEYPAD_enuInit
                0x000033f0       0xa4 ./HAL/Keypad/Keypad_Prog.o
                0x000033f0                KEYPAD_enuInit
 .text.Buzzer_enuLong
                0x00003494       0x52 ./HAL/Buzzer/Buzzer_Prog.o
                0x00003494                Buzzer_enuLong
 .text.Buzzer_enuOnce
                0x000034e6       0x52 ./HAL/Buzzer/Buzzer_Prog.o
                0x000034e6                Buzzer_enuOnce
 .text.Buzzer_enuOFF
                0x00003538       0x20 ./HAL/Buzzer/Buzzer_Prog.o
                0x00003538                Buzzer_enuOFF
 .text.Buzzer_enuON
                0x00003558       0x20 ./HAL/Buzzer/Buzzer_Prog.o
                0x00003558                Buzzer_enuON
 .text.Buzzer_enuTriple
                0x00003578       0xea ./HAL/Buzzer/Buzzer_Prog.o
                0x00003578                Buzzer_enuTriple
 .text.Buzzer_enuTwice
                0x00003662       0x9e ./HAL/Buzzer/Buzzer_Prog.o
                0x00003662                Buzzer_enuTwice
 .text.Buzzer_enuToggle
                0x00003700       0x1e ./HAL/Buzzer/Buzzer_Prog.o
                0x00003700                Buzzer_enuToggle
 .text.Buzzer_enuInit
                0x0000371e       0x62 ./HAL/Buzzer/Buzzer_Prog.o
                0x0000371e                Buzzer_enuInit
 .text.AC_AdjustValue
                0x00003780        0xe ./HAL/AC/AC.o
                0x00003780                AC_AdjustValue
 .text.AC_OFF   0x0000378e       0x12 ./HAL/AC/AC.o
                0x0000378e                AC_OFF
 .text.AC_ON    0x000037a0       0x12 ./HAL/AC/AC.o
                0x000037a0                AC_ON
 .text.AC_Init  0x000037b2       0x10 ./HAL/AC/AC.o
                0x000037b2                AC_Init
 .text.Login    0x000037c2      0x11e ./APP/main.o
                0x000037c2                Login
 .text.LCD_Print
                0x000038e0      0x250 ./APP/main.o
                0x000038e0                LCD_Print
 .text.Control_System
                0x00003b30       0xc6 ./APP/main.o
                0x00003b30                Control_System
 .text.main     0x00003bf6       0xbe ./APP/main.o
                0x00003bf6                main
 .text.libgcc   0x00003cb4       0x3e c:/users/ahmed/desktop/embedded system/nti/avr/tools/sdk_win_64/sdk_win_64/winavr/bin/../lib/gcc/avr/4.3.3/avr5\libgcc.a(_mulsi3.o)
                0x00003cb4                __mulsi3
 .text.libgcc   0x00003cf2       0x44 c:/users/ahmed/desktop/embedded system/nti/avr/tools/sdk_win_64/sdk_win_64/winavr/bin/../lib/gcc/avr/4.3.3/avr5\libgcc.a(_udivmodsi4.o)
                0x00003cf2                __udivmodsi4
 .text.libgcc   0x00003d36       0x36 c:/users/ahmed/desktop/embedded system/nti/avr/tools/sdk_win_64/sdk_win_64/winavr/bin/../lib/gcc/avr/4.3.3/avr5\libgcc.a(_divmodsi4.o)
                0x00003d36                __divmodsi4
 .text.libgcc   0x00003d6c        0x0 c:/users/ahmed/desktop/embedded system/nti/avr/tools/sdk_win_64/sdk_win_64/winavr/bin/../lib/gcc/avr/4.3.3/avr5\libgcc.a(_exit.o)
 .text.libgcc   0x00003d6c        0x0 c:/users/ahmed/desktop/embedded system/nti/avr/tools/sdk_win_64/sdk_win_64/winavr/bin/../lib/gcc/avr/4.3.3/avr5\libgcc.a(_copy_data.o)
 .text.libgcc   0x00003d6c        0x0 c:/users/ahmed/desktop/embedded system/nti/avr/tools/sdk_win_64/sdk_win_64/winavr/bin/../lib/gcc/avr/4.3.3/avr5\libgcc.a(_clear_bss.o)
 .text.libgcc   0x00003d6c       0x38 c:/users/ahmed/desktop/embedded system/nti/avr/tools/sdk_win_64/sdk_win_64/winavr/bin/../lib/gcc/avr/4.3.3/avr5\libgcc.a(_prologue.o)
                0x00003d6c                __prologue_saves__
 .text.libgcc   0x00003da4       0x36 c:/users/ahmed/desktop/embedded system/nti/avr/tools/sdk_win_64/sdk_win_64/winavr/bin/../lib/gcc/avr/4.3.3/avr5\libgcc.a(_epilogue.o)
                0x00003da4                __epilogue_restores__
 .text.avr-libc
                0x00003dda       0x12 c:/users/ahmed/desktop/embedded system/nti/avr/tools/sdk_win_64/sdk_win_64/winavr/bin/../lib/gcc/avr/4.3.3/../../../../avr/lib/avr5\libc.a(memcpy.o)
                0x00003dda                memcpy
 .text.avr-libc
                0x00003dec        0xe c:/users/ahmed/desktop/embedded system/nti/avr/tools/sdk_win_64/sdk_win_64/winavr/bin/../lib/gcc/avr/4.3.3/../../../../avr/lib/avr5\libc.a(memset.o)
                0x00003dec                memset
 .text.avr-libc
                0x00003dfa       0x1e c:/users/ahmed/desktop/embedded system/nti/avr/tools/sdk_win_64/sdk_win_64/winavr/bin/../lib/gcc/avr/4.3.3/../../../../avr/lib/avr5\libc.a(strncpy.o)
                0x00003dfa                strncpy
                0x00003e18                . = ALIGN (0x2)
 *(.fini9)
 .fini9         0x00003e18        0x0 c:/users/ahmed/desktop/embedded system/nti/avr/tools/sdk_win_64/sdk_win_64/winavr/bin/../lib/gcc/avr/4.3.3/avr5\libgcc.a(_exit.o)
                0x00003e18                exit
                0x00003e18                _exit
 *(.fini9)
 *(.fini8)
 *(.fini8)
 *(.fini7)
 *(.fini7)
 *(.fini6)
 *(.fini6)
 *(.fini5)
 *(.fini5)
 *(.fini4)
 *(.fini4)
 *(.fini3)
 *(.fini3)
 *(.fini2)
 *(.fini2)
 *(.fini1)
 *(.fini1)
 *(.fini0)
 .fini0         0x00003e18        0x4 c:/users/ahmed/desktop/embedded system/nti/avr/tools/sdk_win_64/sdk_win_64/winavr/bin/../lib/gcc/avr/4.3.3/avr5\libgcc.a(_exit.o)
 *(.fini0)
                0x00003e1c                _etext = .

.data           0x00800060      0x20e load address 0x00003e1c
                0x00800060                PROVIDE (__data_start, .)
 *(.data)
 .data          0x00800060        0x0 c:/users/ahmed/desktop/embedded system/nti/avr/tools/sdk_win_64/sdk_win_64/winavr/bin/../lib/gcc/avr/4.3.3/../../../../avr/lib/avr5/crtm32.o
 .data          0x00800060        0x0 ./SERVICE/FreeRTOS/croutine.o
 .data          0x00800060        0x0 ./SERVICE/FreeRTOS/heap_1.o
 .data          0x00800060        0x0 ./SERVICE/FreeRTOS/list.o
 .data          0x00800060        0x0 ./SERVICE/FreeRTOS/port.o
 .data          0x00800060        0x0 ./SERVICE/FreeRTOS/queue.o
 .data          0x00800060        0x5 ./SERVICE/FreeRTOS/tasks.o
 .data          0x00800065        0x0 ./SERVICE/FreeRTOS/timers.o
 .data          0x00800065        0x0 ./MCAL/UART/UART_Prog.o
 .data          0x00800065        0x0 ./MCAL/DIO/DIO.o
 .data          0x00800065        0x0 ./MCAL/ADC/ADC.o
 .data          0x00800065        0x0 ./HAL/LED/LED_Config.o
 .data          0x00800065        0x0 ./HAL/LED/LED_Prog.o
 .data          0x00800065        0x0 ./HAL/LCD/LCD_Prog.o
 .data          0x00800065        0x0 ./HAL/Keypad/Keypad_Prog.o
 .data          0x00800065        0x0 ./HAL/Buzzer/Buzzer_Config.o
 .data          0x00800065        0x0 ./HAL/Buzzer/Buzzer_Prog.o
 .data          0x00800065        0x0 ./HAL/AC/AC.o
 .data          0x00800065       0xd7 ./APP/main.o
 .data          0x0080013c        0x0 c:/users/ahmed/desktop/embedded system/nti/avr/tools/sdk_win_64/sdk_win_64/winavr/bin/../lib/gcc/avr/4.3.3/avr5\libgcc.a(_mulsi3.o)
 .data          0x0080013c        0x0 c:/users/ahmed/desktop/embedded system/nti/avr/tools/sdk_win_64/sdk_win_64/winavr/bin/../lib/gcc/avr/4.3.3/avr5\libgcc.a(_udivmodsi4.o)
 .data          0x0080013c        0x0 c:/users/ahmed/desktop/embedded system/nti/avr/tools/sdk_win_64/sdk_win_64/winavr/bin/../lib/gcc/avr/4.3.3/avr5\libgcc.a(_divmodsi4.o)
 .data          0x0080013c        0x0 c:/users/ahmed/desktop/embedded system/nti/avr/tools/sdk_win_64/sdk_win_64/winavr/bin/../lib/gcc/avr/4.3.3/avr5\libgcc.a(_exit.o)
 .data          0x0080013c        0x0 c:/users/ahmed/desktop/embedded system/nti/avr/tools/sdk_win_64/sdk_win_64/winavr/bin/../lib/gcc/avr/4.3.3/avr5\libgcc.a(_copy_data.o)
 .data          0x0080013c        0x0 c:/users/ahmed/desktop/embedded system/nti/avr/tools/sdk_win_64/sdk_win_64/winavr/bin/../lib/gcc/avr/4.3.3/avr5\libgcc.a(_clear_bss.o)
 .data          0x0080013c        0x0 c:/users/ahmed/desktop/embedded system/nti/avr/tools/sdk_win_64/sdk_win_64/winavr/bin/../lib/gcc/avr/4.3.3/avr5\libgcc.a(_addsub_sf.o)
 .data          0x0080013c        0x0 c:/users/ahmed/desktop/embedded system/nti/avr/tools/sdk_win_64/sdk_win_64/winavr/bin/../lib/gcc/avr/4.3.3/avr5\libgcc.a(_mul_sf.o)
 .data          0x0080013c        0x0 c:/users/ahmed/desktop/embedded system/nti/avr/tools/sdk_win_64/sdk_win_64/winavr/bin/../lib/gcc/avr/4.3.3/avr5\libgcc.a(_eq_sf.o)
 .data          0x0080013c        0x0 c:/users/ahmed/desktop/embedded system/nti/avr/tools/sdk_win_64/sdk_win_64/winavr/bin/../lib/gcc/avr/4.3.3/avr5\libgcc.a(_si_to_sf.o)
 .data          0x0080013c        0x0 c:/users/ahmed/desktop/embedded system/nti/avr/tools/sdk_win_64/sdk_win_64/winavr/bin/../lib/gcc/avr/4.3.3/avr5\libgcc.a(_sf_to_si.o)
 .data          0x0080013c        0x8 c:/users/ahmed/desktop/embedded system/nti/avr/tools/sdk_win_64/sdk_win_64/winavr/bin/../lib/gcc/avr/4.3.3/avr5\libgcc.a(_thenan_sf.o)
                0x0080013c                __thenan_sf
 .data          0x00800144        0x0 c:/users/ahmed/desktop/embedded system/nti/avr/tools/sdk_win_64/sdk_win_64/winavr/bin/../lib/gcc/avr/4.3.3/avr5\libgcc.a(_prologue.o)
 .data          0x00800144        0x0 c:/users/ahmed/desktop/embedded system/nti/avr/tools/sdk_win_64/sdk_win_64/winavr/bin/../lib/gcc/avr/4.3.3/avr5\libgcc.a(_epilogue.o)
 .data          0x00800144        0x0 c:/users/ahmed/desktop/embedded system/nti/avr/tools/sdk_win_64/sdk_win_64/winavr/bin/../lib/gcc/avr/4.3.3/avr5\libgcc.a(_clzsi2.o)
 .data          0x00800144        0x0 c:/users/ahmed/desktop/embedded system/nti/avr/tools/sdk_win_64/sdk_win_64/winavr/bin/../lib/gcc/avr/4.3.3/avr5\libgcc.a(_pack_sf.o)
 .data          0x00800144        0x0 c:/users/ahmed/desktop/embedded system/nti/avr/tools/sdk_win_64/sdk_win_64/winavr/bin/../lib/gcc/avr/4.3.3/avr5\libgcc.a(_unpack_sf.o)
 .data          0x00800144        0x0 c:/users/ahmed/desktop/embedded system/nti/avr/tools/sdk_win_64/sdk_win_64/winavr/bin/../lib/gcc/avr/4.3.3/avr5\libgcc.a(_fpcmp_parts_sf.o)
 .data          0x00800144      0x100 c:/users/ahmed/desktop/embedded system/nti/avr/tools/sdk_win_64/sdk_win_64/winavr/bin/../lib/gcc/avr/4.3.3/avr5\libgcc.a(_clz.o)
                0x00800144                __clz_tab
 .data          0x00800244        0x0 c:/users/ahmed/desktop/embedded system/nti/avr/tools/sdk_win_64/sdk_win_64/winavr/bin/../lib/gcc/avr/4.3.3/../../../../avr/lib/avr5\libc.a(memcpy.o)
 .data          0x00800244        0x0 c:/users/ahmed/desktop/embedded system/nti/avr/tools/sdk_win_64/sdk_win_64/winavr/bin/../lib/gcc/avr/4.3.3/../../../../avr/lib/avr5\libc.a(memset.o)
 .data          0x00800244        0x0 c:/users/ahmed/desktop/embedded system/nti/avr/tools/sdk_win_64/sdk_win_64/winavr/bin/../lib/gcc/avr/4.3.3/../../../../avr/lib/avr5\libc.a(strncpy.o)
 *(.data*)
 .data.xNextTaskUnblockTime
                0x00800244        0x2 ./SERVICE/FreeRTOS/tasks.o
 .data.LED_u8LEDNum
                0x00800246        0x1 ./HAL/LED/LED_Config.o
                0x00800246                LED_u8LEDNum
 .data.LED_AstrLEDConfig
                0x00800247        0x6 ./HAL/LED/LED_Config.o
                0x00800247                LED_AstrLEDConfig
 .data.LED_AstrLEDLink
                0x0080024d        0x2 ./HAL/LED/LED_Prog.o
                0x0080024d                LED_AstrLEDLink
 .data.Buzzer_u8BuzzerNum
                0x0080024f        0x1 ./HAL/Buzzer/Buzzer_Config.o
                0x0080024f                Buzzer_u8BuzzerNum
 .data.Buzzer_BuzzerAstrConfig
                0x00800250        0x6 ./HAL/Buzzer/Buzzer_Config.o
                0x00800250                Buzzer_BuzzerAstrConfig
 .data.Buzzer_pAstr
                0x00800256        0x2 ./HAL/Buzzer/Buzzer_Prog.o
                0x00800256                Buzzer_pAstr
 .data.Smart_home
                0x00800258        0x4 ./APP/main.o
                0x00800258                Smart_home
 .data.LCD_flag
                0x0080025c        0x1 ./APP/main.o
 *(.rodata)
 *(.rodata*)
 .rodata.C.1.1357
                0x0080025d       0x10 ./HAL/Keypad/Keypad_Prog.o
 *(.gnu.linkonce.d*)
                0x0080026e                . = ALIGN (0x2)
 *fill*         0x0080026d        0x1 00
                0x0080026e                _edata = .
                0x0080026e                PROVIDE (__data_end, .)

.bss            0x0080026e      0x567
                0x0080026e                PROVIDE (__bss_start, .)
 *(.bss)
 .bss           0x0080026e        0x0 c:/users/ahmed/desktop/embedded system/nti/avr/tools/sdk_win_64/sdk_win_64/winavr/bin/../lib/gcc/avr/4.3.3/../../../../avr/lib/avr5/crtm32.o
 .bss           0x0080026e        0x0 ./SERVICE/FreeRTOS/croutine.o
 .bss           0x0080026e        0x0 ./SERVICE/FreeRTOS/heap_1.o
 .bss           0x0080026e        0x0 ./SERVICE/FreeRTOS/list.o
 .bss           0x0080026e        0x0 ./SERVICE/FreeRTOS/port.o
 .bss           0x0080026e        0x0 ./SERVICE/FreeRTOS/queue.o
 .bss           0x0080026e        0x0 ./SERVICE/FreeRTOS/tasks.o
 .bss           0x0080026e        0x0 ./SERVICE/FreeRTOS/timers.o
 .bss           0x0080026e        0x0 ./MCAL/UART/UART_Prog.o
 .bss           0x0080026e        0x0 ./MCAL/DIO/DIO.o
 .bss           0x0080026e        0x0 ./MCAL/ADC/ADC.o
 .bss           0x0080026e        0x0 ./HAL/LED/LED_Config.o
 .bss           0x0080026e        0x0 ./HAL/LED/LED_Prog.o
 .bss           0x0080026e        0x0 ./HAL/LCD/LCD_Prog.o
 .bss           0x0080026e        0x0 ./HAL/Keypad/Keypad_Prog.o
 .bss           0x0080026e        0x0 ./HAL/Buzzer/Buzzer_Config.o
 .bss           0x0080026e        0x0 ./HAL/Buzzer/Buzzer_Prog.o
 .bss           0x0080026e        0x0 ./HAL/AC/AC.o
 .bss           0x0080026e        0x0 ./APP/main.o
 .bss           0x0080026e        0x0 c:/users/ahmed/desktop/embedded system/nti/avr/tools/sdk_win_64/sdk_win_64/winavr/bin/../lib/gcc/avr/4.3.3/avr5\libgcc.a(_mulsi3.o)
 .bss           0x0080026e        0x0 c:/users/ahmed/desktop/embedded system/nti/avr/tools/sdk_win_64/sdk_win_64/winavr/bin/../lib/gcc/avr/4.3.3/avr5\libgcc.a(_udivmodsi4.o)
 .bss           0x0080026e        0x0 c:/users/ahmed/desktop/embedded system/nti/avr/tools/sdk_win_64/sdk_win_64/winavr/bin/../lib/gcc/avr/4.3.3/avr5\libgcc.a(_divmodsi4.o)
 .bss           0x0080026e        0x0 c:/users/ahmed/desktop/embedded system/nti/avr/tools/sdk_win_64/sdk_win_64/winavr/bin/../lib/gcc/avr/4.3.3/avr5\libgcc.a(_exit.o)
 .bss           0x0080026e        0x0 c:/users/ahmed/desktop/embedded system/nti/avr/tools/sdk_win_64/sdk_win_64/winavr/bin/../lib/gcc/avr/4.3.3/avr5\libgcc.a(_copy_data.o)
 .bss           0x0080026e        0x0 c:/users/ahmed/desktop/embedded system/nti/avr/tools/sdk_win_64/sdk_win_64/winavr/bin/../lib/gcc/avr/4.3.3/avr5\libgcc.a(_clear_bss.o)
 .bss           0x0080026e        0x0 c:/users/ahmed/desktop/embedded system/nti/avr/tools/sdk_win_64/sdk_win_64/winavr/bin/../lib/gcc/avr/4.3.3/avr5\libgcc.a(_addsub_sf.o)
 .bss           0x0080026e        0x0 c:/users/ahmed/desktop/embedded system/nti/avr/tools/sdk_win_64/sdk_win_64/winavr/bin/../lib/gcc/avr/4.3.3/avr5\libgcc.a(_mul_sf.o)
 .bss           0x0080026e        0x0 c:/users/ahmed/desktop/embedded system/nti/avr/tools/sdk_win_64/sdk_win_64/winavr/bin/../lib/gcc/avr/4.3.3/avr5\libgcc.a(_eq_sf.o)
 .bss           0x0080026e        0x0 c:/users/ahmed/desktop/embedded system/nti/avr/tools/sdk_win_64/sdk_win_64/winavr/bin/../lib/gcc/avr/4.3.3/avr5\libgcc.a(_si_to_sf.o)
 .bss           0x0080026e        0x0 c:/users/ahmed/desktop/embedded system/nti/avr/tools/sdk_win_64/sdk_win_64/winavr/bin/../lib/gcc/avr/4.3.3/avr5\libgcc.a(_sf_to_si.o)
 .bss           0x0080026e        0x0 c:/users/ahmed/desktop/embedded system/nti/avr/tools/sdk_win_64/sdk_win_64/winavr/bin/../lib/gcc/avr/4.3.3/avr5\libgcc.a(_thenan_sf.o)
 .bss           0x0080026e        0x0 c:/users/ahmed/desktop/embedded system/nti/avr/tools/sdk_win_64/sdk_win_64/winavr/bin/../lib/gcc/avr/4.3.3/avr5\libgcc.a(_prologue.o)
 .bss           0x0080026e        0x0 c:/users/ahmed/desktop/embedded system/nti/avr/tools/sdk_win_64/sdk_win_64/winavr/bin/../lib/gcc/avr/4.3.3/avr5\libgcc.a(_epilogue.o)
 .bss           0x0080026e        0x0 c:/users/ahmed/desktop/embedded system/nti/avr/tools/sdk_win_64/sdk_win_64/winavr/bin/../lib/gcc/avr/4.3.3/avr5\libgcc.a(_clzsi2.o)
 .bss           0x0080026e        0x0 c:/users/ahmed/desktop/embedded system/nti/avr/tools/sdk_win_64/sdk_win_64/winavr/bin/../lib/gcc/avr/4.3.3/avr5\libgcc.a(_pack_sf.o)
 .bss           0x0080026e        0x0 c:/users/ahmed/desktop/embedded system/nti/avr/tools/sdk_win_64/sdk_win_64/winavr/bin/../lib/gcc/avr/4.3.3/avr5\libgcc.a(_unpack_sf.o)
 .bss           0x0080026e        0x0 c:/users/ahmed/desktop/embedded system/nti/avr/tools/sdk_win_64/sdk_win_64/winavr/bin/../lib/gcc/avr/4.3.3/avr5\libgcc.a(_fpcmp_parts_sf.o)
 .bss           0x0080026e        0x0 c:/users/ahmed/desktop/embedded system/nti/avr/tools/sdk_win_64/sdk_win_64/winavr/bin/../lib/gcc/avr/4.3.3/avr5\libgcc.a(_clz.o)
 .bss           0x0080026e        0x0 c:/users/ahmed/desktop/embedded system/nti/avr/tools/sdk_win_64/sdk_win_64/winavr/bin/../lib/gcc/avr/4.3.3/../../../../avr/lib/avr5\libc.a(memcpy.o)
 .bss           0x0080026e        0x0 c:/users/ahmed/desktop/embedded system/nti/avr/tools/sdk_win_64/sdk_win_64/winavr/bin/../lib/gcc/avr/4.3.3/../../../../avr/lib/avr5\libc.a(memset.o)
 .bss           0x0080026e        0x0 c:/users/ahmed/desktop/embedded system/nti/avr/tools/sdk_win_64/sdk_win_64/winavr/bin/../lib/gcc/avr/4.3.3/../../../../avr/lib/avr5\libc.a(strncpy.o)
 *(.bss*)
 .bss.pxCurrentCoRoutine
                0x0080026e        0x2 ./SERVICE/FreeRTOS/croutine.o
                0x0080026e                pxCurrentCoRoutine
 .bss.uxTopCoRoutineReadyPriority
                0x00800270        0x1 ./SERVICE/FreeRTOS/croutine.o
 .bss.xLastTickCount
                0x00800271        0x2 ./SERVICE/FreeRTOS/croutine.o
 .bss.xPassedTicks
                0x00800273        0x2 ./SERVICE/FreeRTOS/croutine.o
 .bss.xCoRoutineTickCount
                0x00800275        0x2 ./SERVICE/FreeRTOS/croutine.o
 .bss.pxReadyCoRoutineLists
                0x00800277       0x12 ./SERVICE/FreeRTOS/croutine.o
 .bss.xDelayedCoRoutineList1
                0x00800289        0x9 ./SERVICE/FreeRTOS/croutine.o
 .bss.xDelayedCoRoutineList2
                0x00800292        0x9 ./SERVICE/FreeRTOS/croutine.o
 .bss.pxDelayedCoRoutineList
                0x0080029b        0x2 ./SERVICE/FreeRTOS/croutine.o
 .bss.pxOverflowDelayedCoRoutineList
                0x0080029d        0x2 ./SERVICE/FreeRTOS/croutine.o
 .bss.xPendingReadyCoRoutineList
                0x0080029f        0x9 ./SERVICE/FreeRTOS/croutine.o
 .bss.xNextFreeByte
                0x008002a8        0x2 ./SERVICE/FreeRTOS/heap_1.o
 .bss.xHeap     0x008002aa      0x4b0 ./SERVICE/FreeRTOS/heap_1.o
 .bss.pxCurrentTCB
                0x0080075a        0x2 ./SERVICE/FreeRTOS/tasks.o
                0x0080075a                pxCurrentTCB
 .bss.uxTopReadyPriority
                0x0080075c        0x1 ./SERVICE/FreeRTOS/tasks.o
 .bss.xMissedYield
                0x0080075d        0x1 ./SERVICE/FreeRTOS/tasks.o
 .bss.xNumOfOverflows
                0x0080075e        0x1 ./SERVICE/FreeRTOS/tasks.o
 .bss.xTickCount
                0x0080075f        0x2 ./SERVICE/FreeRTOS/tasks.o
 .bss.uxSchedulerSuspended
                0x00800761        0x1 ./SERVICE/FreeRTOS/tasks.o
 .bss.uxMissedTicks
                0x00800762        0x1 ./SERVICE/FreeRTOS/tasks.o
 .bss.uxCurrentNumberOfTasks
                0x00800763        0x1 ./SERVICE/FreeRTOS/tasks.o
 .bss.xSchedulerRunning
                0x00800764        0x1 ./SERVICE/FreeRTOS/tasks.o
 .bss.uxTasksDeleted
                0x00800765        0x1 ./SERVICE/FreeRTOS/tasks.o
 .bss.uxTaskNumber
                0x00800766        0x1 ./SERVICE/FreeRTOS/tasks.o
 .bss.uxTopUsedPriority
                0x00800767        0x1 ./SERVICE/FreeRTOS/tasks.o
 .bss.pxReadyTasksLists
                0x00800768       0x24 ./SERVICE/FreeRTOS/tasks.o
 .bss.xDelayedTaskList1
                0x0080078c        0x9 ./SERVICE/FreeRTOS/tasks.o
 .bss.xDelayedTaskList2
                0x00800795        0x9 ./SERVICE/FreeRTOS/tasks.o
 .bss.pxDelayedTaskList
                0x0080079e        0x2 ./SERVICE/FreeRTOS/tasks.o
 .bss.pxOverflowDelayedTaskList
                0x008007a0        0x2 ./SERVICE/FreeRTOS/tasks.o
 .bss.xPendingReadyList
                0x008007a2        0x9 ./SERVICE/FreeRTOS/tasks.o
 .bss.xTasksWaitingTermination
                0x008007ab        0x9 ./SERVICE/FreeRTOS/tasks.o
 .bss.xSuspendedTaskList
                0x008007b4        0x9 ./SERVICE/FreeRTOS/tasks.o
 .bss.UART_AppParameter
                0x008007bd        0x2 ./MCAL/UART/UART_Prog.o
 .bss.UART_AppFun
                0x008007bf        0x2 ./MCAL/UART/UART_Prog.o
 .bss.ADC_RequiredValue
                0x008007c1        0x2 ./MCAL/ADC/ADC.o
 .bss.ADC_ReadValue
                0x008007c3        0x2 ./MCAL/ADC/ADC.o
 .bss.ADC_CurrentAppState
                0x008007c5        0x1 ./MCAL/ADC/ADC.o
 .bss.ADC_pAppFunStart
                0x008007c6        0x2 ./MCAL/ADC/ADC.o
 .bss.ADC_pAppFunStop
                0x008007c8        0x2 ./MCAL/ADC/ADC.o
 .bss.AC_State  0x008007ca        0x1 ./HAL/AC/AC.o
 *(COMMON)
 COMMON         0x008007cb        0xa ./APP/main.o
                0x008007cb                AC
                0x008007cc                Temp
                0x008007cd                Controlsem
                0x008007cf                Login_Handler
                0x008007d1                LCD_Handler
                0x008007d3                Control_Handler
                0x008007d5                PROVIDE (__bss_end, .)
                0x00003e1c                __data_load_start = LOADADDR (.data)
                0x0000402a                __data_load_end = (__data_load_start + SIZEOF (.data))

.noinit         0x008007d5        0x0
                0x008007d5                PROVIDE (__noinit_start, .)
 *(.noinit*)
                0x008007d5                PROVIDE (__noinit_end, .)
                0x008007d5                _end = .
                0x008007d5                PROVIDE (__heap_start, .)

.eeprom         0x00810000        0x0
 *(.eeprom*)
                0x00810000                __eeprom_end = .

.fuse
 *(.fuse)
 *(.lfuse)
 *(.hfuse)
 *(.efuse)

.lock
 *(.lock*)

.signature
 *(.signature*)

.stab
 *(.stab)

.stabstr
 *(.stabstr)

.stab.excl
 *(.stab.excl)

.stab.exclstr
 *(.stab.exclstr)

.stab.index
 *(.stab.index)

.stab.indexstr
 *(.stab.indexstr)

.comment
 *(.comment)

.debug
 *(.debug)

.line
 *(.line)

.debug_srcinfo
 *(.debug_srcinfo)

.debug_sfnames
 *(.debug_sfnames)

.debug_aranges  0x00000000      0x120
 *(.debug_aranges)
 .debug_aranges
                0x00000000       0x20 c:/users/ahmed/desktop/embedded system/nti/avr/tools/sdk_win_64/sdk_win_64/winavr/bin/../lib/gcc/avr/4.3.3/avr5\libgcc.a(_addsub_sf.o)
 .debug_aranges
                0x00000020       0x20 c:/users/ahmed/desktop/embedded system/nti/avr/tools/sdk_win_64/sdk_win_64/winavr/bin/../lib/gcc/avr/4.3.3/avr5\libgcc.a(_mul_sf.o)
 .debug_aranges
                0x00000040       0x20 c:/users/ahmed/desktop/embedded system/nti/avr/tools/sdk_win_64/sdk_win_64/winavr/bin/../lib/gcc/avr/4.3.3/avr5\libgcc.a(_eq_sf.o)
 .debug_aranges
                0x00000060       0x20 c:/users/ahmed/desktop/embedded system/nti/avr/tools/sdk_win_64/sdk_win_64/winavr/bin/../lib/gcc/avr/4.3.3/avr5\libgcc.a(_si_to_sf.o)
 .debug_aranges
                0x00000080       0x20 c:/users/ahmed/desktop/embedded system/nti/avr/tools/sdk_win_64/sdk_win_64/winavr/bin/../lib/gcc/avr/4.3.3/avr5\libgcc.a(_sf_to_si.o)
 .debug_aranges
                0x000000a0       0x20 c:/users/ahmed/desktop/embedded system/nti/avr/tools/sdk_win_64/sdk_win_64/winavr/bin/../lib/gcc/avr/4.3.3/avr5\libgcc.a(_clzsi2.o)
 .debug_aranges
                0x000000c0       0x20 c:/users/ahmed/desktop/embedded system/nti/avr/tools/sdk_win_64/sdk_win_64/winavr/bin/../lib/gcc/avr/4.3.3/avr5\libgcc.a(_pack_sf.o)
 .debug_aranges
                0x000000e0       0x20 c:/users/ahmed/desktop/embedded system/nti/avr/tools/sdk_win_64/sdk_win_64/winavr/bin/../lib/gcc/avr/4.3.3/avr5\libgcc.a(_unpack_sf.o)
 .debug_aranges
                0x00000100       0x20 c:/users/ahmed/desktop/embedded system/nti/avr/tools/sdk_win_64/sdk_win_64/winavr/bin/../lib/gcc/avr/4.3.3/avr5\libgcc.a(_fpcmp_parts_sf.o)

.debug_pubnames
                0x00000000      0x172
 *(.debug_pubnames)
 .debug_pubnames
                0x00000000       0x2c c:/users/ahmed/desktop/embedded system/nti/avr/tools/sdk_win_64/sdk_win_64/winavr/bin/../lib/gcc/avr/4.3.3/avr5\libgcc.a(_addsub_sf.o)
 .debug_pubnames
                0x0000002c       0x1f c:/users/ahmed/desktop/embedded system/nti/avr/tools/sdk_win_64/sdk_win_64/winavr/bin/../lib/gcc/avr/4.3.3/avr5\libgcc.a(_mul_sf.o)
 .debug_pubnames
                0x0000004b       0x1e c:/users/ahmed/desktop/embedded system/nti/avr/tools/sdk_win_64/sdk_win_64/winavr/bin/../lib/gcc/avr/4.3.3/avr5\libgcc.a(_eq_sf.o)
 .debug_pubnames
                0x00000069       0x22 c:/users/ahmed/desktop/embedded system/nti/avr/tools/sdk_win_64/sdk_win_64/winavr/bin/../lib/gcc/avr/4.3.3/avr5\libgcc.a(_si_to_sf.o)
 .debug_pubnames
                0x0000008b       0x20 c:/users/ahmed/desktop/embedded system/nti/avr/tools/sdk_win_64/sdk_win_64/winavr/bin/../lib/gcc/avr/4.3.3/avr5\libgcc.a(_sf_to_si.o)
 .debug_pubnames
                0x000000ab       0x22 c:/users/ahmed/desktop/embedded system/nti/avr/tools/sdk_win_64/sdk_win_64/winavr/bin/../lib/gcc/avr/4.3.3/avr5\libgcc.a(_thenan_sf.o)
 .debug_pubnames
                0x000000cd       0x1f c:/users/ahmed/desktop/embedded system/nti/avr/tools/sdk_win_64/sdk_win_64/winavr/bin/../lib/gcc/avr/4.3.3/avr5\libgcc.a(_clzsi2.o)
 .debug_pubnames
                0x000000ec       0x1f c:/users/ahmed/desktop/embedded system/nti/avr/tools/sdk_win_64/sdk_win_64/winavr/bin/../lib/gcc/avr/4.3.3/avr5\libgcc.a(_pack_sf.o)
 .debug_pubnames
                0x0000010b       0x21 c:/users/ahmed/desktop/embedded system/nti/avr/tools/sdk_win_64/sdk_win_64/winavr/bin/../lib/gcc/avr/4.3.3/avr5\libgcc.a(_unpack_sf.o)
 .debug_pubnames
                0x0000012c       0x26 c:/users/ahmed/desktop/embedded system/nti/avr/tools/sdk_win_64/sdk_win_64/winavr/bin/../lib/gcc/avr/4.3.3/avr5\libgcc.a(_fpcmp_parts_sf.o)
 .debug_pubnames
                0x00000152       0x20 c:/users/ahmed/desktop/embedded system/nti/avr/tools/sdk_win_64/sdk_win_64/winavr/bin/../lib/gcc/avr/4.3.3/avr5\libgcc.a(_clz.o)

.debug_info     0x00000000     0x1a61
 *(.debug_info)
 .debug_info    0x00000000      0x47a c:/users/ahmed/desktop/embedded system/nti/avr/tools/sdk_win_64/sdk_win_64/winavr/bin/../lib/gcc/avr/4.3.3/avr5\libgcc.a(_addsub_sf.o)
 .debug_info    0x0000047a      0x485 c:/users/ahmed/desktop/embedded system/nti/avr/tools/sdk_win_64/sdk_win_64/winavr/bin/../lib/gcc/avr/4.3.3/avr5\libgcc.a(_mul_sf.o)
 .debug_info    0x000008ff      0x27f c:/users/ahmed/desktop/embedded system/nti/avr/tools/sdk_win_64/sdk_win_64/winavr/bin/../lib/gcc/avr/4.3.3/avr5\libgcc.a(_eq_sf.o)
 .debug_info    0x00000b7e      0x207 c:/users/ahmed/desktop/embedded system/nti/avr/tools/sdk_win_64/sdk_win_64/winavr/bin/../lib/gcc/avr/4.3.3/avr5\libgcc.a(_si_to_sf.o)
 .debug_info    0x00000d85      0x2b0 c:/users/ahmed/desktop/embedded system/nti/avr/tools/sdk_win_64/sdk_win_64/winavr/bin/../lib/gcc/avr/4.3.3/avr5\libgcc.a(_sf_to_si.o)
 .debug_info    0x00001035      0x12c c:/users/ahmed/desktop/embedded system/nti/avr/tools/sdk_win_64/sdk_win_64/winavr/bin/../lib/gcc/avr/4.3.3/avr5\libgcc.a(_thenan_sf.o)
 .debug_info    0x00001161      0x117 c:/users/ahmed/desktop/embedded system/nti/avr/tools/sdk_win_64/sdk_win_64/winavr/bin/../lib/gcc/avr/4.3.3/avr5\libgcc.a(_clzsi2.o)
 .debug_info    0x00001278      0x2df c:/users/ahmed/desktop/embedded system/nti/avr/tools/sdk_win_64/sdk_win_64/winavr/bin/../lib/gcc/avr/4.3.3/avr5\libgcc.a(_pack_sf.o)
 .debug_info    0x00001557      0x251 c:/users/ahmed/desktop/embedded system/nti/avr/tools/sdk_win_64/sdk_win_64/winavr/bin/../lib/gcc/avr/4.3.3/avr5\libgcc.a(_unpack_sf.o)
 .debug_info    0x000017a8      0x210 c:/users/ahmed/desktop/embedded system/nti/avr/tools/sdk_win_64/sdk_win_64/winavr/bin/../lib/gcc/avr/4.3.3/avr5\libgcc.a(_fpcmp_parts_sf.o)
 .debug_info    0x000019b8       0xa9 c:/users/ahmed/desktop/embedded system/nti/avr/tools/sdk_win_64/sdk_win_64/winavr/bin/../lib/gcc/avr/4.3.3/avr5\libgcc.a(_clz.o)
 *(.gnu.linkonce.wi.*)

.debug_abbrev   0x00000000      0xe50
 *(.debug_abbrev)
 .debug_abbrev  0x00000000      0x1ea c:/users/ahmed/desktop/embedded system/nti/avr/tools/sdk_win_64/sdk_win_64/winavr/bin/../lib/gcc/avr/4.3.3/avr5\libgcc.a(_addsub_sf.o)
 .debug_abbrev  0x000001ea      0x21b c:/users/ahmed/desktop/embedded system/nti/avr/tools/sdk_win_64/sdk_win_64/winavr/bin/../lib/gcc/avr/4.3.3/avr5\libgcc.a(_mul_sf.o)
 .debug_abbrev  0x00000405      0x15a c:/users/ahmed/desktop/embedded system/nti/avr/tools/sdk_win_64/sdk_win_64/winavr/bin/../lib/gcc/avr/4.3.3/avr5\libgcc.a(_eq_sf.o)
 .debug_abbrev  0x0000055f      0x148 c:/users/ahmed/desktop/embedded system/nti/avr/tools/sdk_win_64/sdk_win_64/winavr/bin/../lib/gcc/avr/4.3.3/avr5\libgcc.a(_si_to_sf.o)
 .debug_abbrev  0x000006a7      0x17f c:/users/ahmed/desktop/embedded system/nti/avr/tools/sdk_win_64/sdk_win_64/winavr/bin/../lib/gcc/avr/4.3.3/avr5\libgcc.a(_sf_to_si.o)
 .debug_abbrev  0x00000826       0xad c:/users/ahmed/desktop/embedded system/nti/avr/tools/sdk_win_64/sdk_win_64/winavr/bin/../lib/gcc/avr/4.3.3/avr5\libgcc.a(_thenan_sf.o)
 .debug_abbrev  0x000008d3       0xc4 c:/users/ahmed/desktop/embedded system/nti/avr/tools/sdk_win_64/sdk_win_64/winavr/bin/../lib/gcc/avr/4.3.3/avr5\libgcc.a(_clzsi2.o)
 .debug_abbrev  0x00000997      0x1c0 c:/users/ahmed/desktop/embedded system/nti/avr/tools/sdk_win_64/sdk_win_64/winavr/bin/../lib/gcc/avr/4.3.3/avr5\libgcc.a(_pack_sf.o)
 .debug_abbrev  0x00000b57      0x154 c:/users/ahmed/desktop/embedded system/nti/avr/tools/sdk_win_64/sdk_win_64/winavr/bin/../lib/gcc/avr/4.3.3/avr5\libgcc.a(_unpack_sf.o)
 .debug_abbrev  0x00000cab      0x13b c:/users/ahmed/desktop/embedded system/nti/avr/tools/sdk_win_64/sdk_win_64/winavr/bin/../lib/gcc/avr/4.3.3/avr5\libgcc.a(_fpcmp_parts_sf.o)
 .debug_abbrev  0x00000de6       0x6a c:/users/ahmed/desktop/embedded system/nti/avr/tools/sdk_win_64/sdk_win_64/winavr/bin/../lib/gcc/avr/4.3.3/avr5\libgcc.a(_clz.o)

.debug_line     0x00000000      0xdb6
 *(.debug_line)
 .debug_line    0x00000000      0x2af c:/users/ahmed/desktop/embedded system/nti/avr/tools/sdk_win_64/sdk_win_64/winavr/bin/../lib/gcc/avr/4.3.3/avr5\libgcc.a(_addsub_sf.o)
 .debug_line    0x000002af      0x239 c:/users/ahmed/desktop/embedded system/nti/avr/tools/sdk_win_64/sdk_win_64/winavr/bin/../lib/gcc/avr/4.3.3/avr5\libgcc.a(_mul_sf.o)
 .debug_line    0x000004e8       0xd3 c:/users/ahmed/desktop/embedded system/nti/avr/tools/sdk_win_64/sdk_win_64/winavr/bin/../lib/gcc/avr/4.3.3/avr5\libgcc.a(_eq_sf.o)
 .debug_line    0x000005bb      0x135 c:/users/ahmed/desktop/embedded system/nti/avr/tools/sdk_win_64/sdk_win_64/winavr/bin/../lib/gcc/avr/4.3.3/avr5\libgcc.a(_si_to_sf.o)
 .debug_line    0x000006f0      0x109 c:/users/ahmed/desktop/embedded system/nti/avr/tools/sdk_win_64/sdk_win_64/winavr/bin/../lib/gcc/avr/4.3.3/avr5\libgcc.a(_sf_to_si.o)
 .debug_line    0x000007f9       0x90 c:/users/ahmed/desktop/embedded system/nti/avr/tools/sdk_win_64/sdk_win_64/winavr/bin/../lib/gcc/avr/4.3.3/avr5\libgcc.a(_thenan_sf.o)
 .debug_line    0x00000889       0xa5 c:/users/ahmed/desktop/embedded system/nti/avr/tools/sdk_win_64/sdk_win_64/winavr/bin/../lib/gcc/avr/4.3.3/avr5\libgcc.a(_clzsi2.o)
 .debug_line    0x0000092e      0x18a c:/users/ahmed/desktop/embedded system/nti/avr/tools/sdk_win_64/sdk_win_64/winavr/bin/../lib/gcc/avr/4.3.3/avr5\libgcc.a(_pack_sf.o)
 .debug_line    0x00000ab8      0x14b c:/users/ahmed/desktop/embedded system/nti/avr/tools/sdk_win_64/sdk_win_64/winavr/bin/../lib/gcc/avr/4.3.3/avr5\libgcc.a(_unpack_sf.o)
 .debug_line    0x00000c03      0x137 c:/users/ahmed/desktop/embedded system/nti/avr/tools/sdk_win_64/sdk_win_64/winavr/bin/../lib/gcc/avr/4.3.3/avr5\libgcc.a(_fpcmp_parts_sf.o)
 .debug_line    0x00000d3a       0x7c c:/users/ahmed/desktop/embedded system/nti/avr/tools/sdk_win_64/sdk_win_64/winavr/bin/../lib/gcc/avr/4.3.3/avr5\libgcc.a(_clz.o)

.debug_frame    0x00000000      0x140
 *(.debug_frame)
 .debug_frame   0x00000000       0x40 c:/users/ahmed/desktop/embedded system/nti/avr/tools/sdk_win_64/sdk_win_64/winavr/bin/../lib/gcc/avr/4.3.3/avr5\libgcc.a(_addsub_sf.o)
 .debug_frame   0x00000040       0x20 c:/users/ahmed/desktop/embedded system/nti/avr/tools/sdk_win_64/sdk_win_64/winavr/bin/../lib/gcc/avr/4.3.3/avr5\libgcc.a(_mul_sf.o)
 .debug_frame   0x00000060       0x20 c:/users/ahmed/desktop/embedded system/nti/avr/tools/sdk_win_64/sdk_win_64/winavr/bin/../lib/gcc/avr/4.3.3/avr5\libgcc.a(_eq_sf.o)
 .debug_frame   0x00000080       0x20 c:/users/ahmed/desktop/embedded system/nti/avr/tools/sdk_win_64/sdk_win_64/winavr/bin/../lib/gcc/avr/4.3.3/avr5\libgcc.a(_si_to_sf.o)
 .debug_frame   0x000000a0       0x20 c:/users/ahmed/desktop/embedded system/nti/avr/tools/sdk_win_64/sdk_win_64/winavr/bin/../lib/gcc/avr/4.3.3/avr5\libgcc.a(_sf_to_si.o)
 .debug_frame   0x000000c0       0x20 c:/users/ahmed/desktop/embedded system/nti/avr/tools/sdk_win_64/sdk_win_64/winavr/bin/../lib/gcc/avr/4.3.3/avr5\libgcc.a(_clzsi2.o)
 .debug_frame   0x000000e0       0x20 c:/users/ahmed/desktop/embedded system/nti/avr/tools/sdk_win_64/sdk_win_64/winavr/bin/../lib/gcc/avr/4.3.3/avr5\libgcc.a(_pack_sf.o)
 .debug_frame   0x00000100       0x20 c:/users/ahmed/desktop/embedded system/nti/avr/tools/sdk_win_64/sdk_win_64/winavr/bin/../lib/gcc/avr/4.3.3/avr5\libgcc.a(_unpack_sf.o)
 .debug_frame   0x00000120       0x20 c:/users/ahmed/desktop/embedded system/nti/avr/tools/sdk_win_64/sdk_win_64/winavr/bin/../lib/gcc/avr/4.3.3/avr5\libgcc.a(_fpcmp_parts_sf.o)

.debug_str      0x00000000      0x2a1
 *(.debug_str)
 .debug_str     0x00000000      0x19e c:/users/ahmed/desktop/embedded system/nti/avr/tools/sdk_win_64/sdk_win_64/winavr/bin/../lib/gcc/avr/4.3.3/avr5\libgcc.a(_addsub_sf.o)
                                0x206 (size before relaxing)
 .debug_str     0x0000019e       0x27 c:/users/ahmed/desktop/embedded system/nti/avr/tools/sdk_win_64/sdk_win_64/winavr/bin/../lib/gcc/avr/4.3.3/avr5\libgcc.a(_mul_sf.o)
                                0x1bf (size before relaxing)
 .debug_str     0x000001c5        0x8 c:/users/ahmed/desktop/embedded system/nti/avr/tools/sdk_win_64/sdk_win_64/winavr/bin/../lib/gcc/avr/4.3.3/avr5\libgcc.a(_eq_sf.o)
                                0x195 (size before relaxing)
 .debug_str     0x000001cd       0x1e c:/users/ahmed/desktop/embedded system/nti/avr/tools/sdk_win_64/sdk_win_64/winavr/bin/../lib/gcc/avr/4.3.3/avr5\libgcc.a(_si_to_sf.o)
                                0x17b (size before relaxing)
 .debug_str     0x000001eb        0xa c:/users/ahmed/desktop/embedded system/nti/avr/tools/sdk_win_64/sdk_win_64/winavr/bin/../lib/gcc/avr/4.3.3/avr5\libgcc.a(_sf_to_si.o)
                                0x19e (size before relaxing)
 .debug_str     0x00000000      0x103 c:/users/ahmed/desktop/embedded system/nti/avr/tools/sdk_win_64/sdk_win_64/winavr/bin/../lib/gcc/avr/4.3.3/avr5\libgcc.a(_thenan_sf.o)
 .debug_str     0x000001f5       0x81 c:/users/ahmed/desktop/embedded system/nti/avr/tools/sdk_win_64/sdk_win_64/winavr/bin/../lib/gcc/avr/4.3.3/avr5\libgcc.a(_clzsi2.o)
                                0x111 (size before relaxing)
 .debug_str     0x00000276       0x10 c:/users/ahmed/desktop/embedded system/nti/avr/tools/sdk_win_64/sdk_win_64/winavr/bin/../lib/gcc/avr/4.3.3/avr5\libgcc.a(_pack_sf.o)
                                0x19d (size before relaxing)
 .debug_str     0x00000286        0xb c:/users/ahmed/desktop/embedded system/nti/avr/tools/sdk_win_64/sdk_win_64/winavr/bin/../lib/gcc/avr/4.3.3/avr5\libgcc.a(_unpack_sf.o)
                                0x17f (size before relaxing)
 .debug_str     0x00000291       0x10 c:/users/ahmed/desktop/embedded system/nti/avr/tools/sdk_win_64/sdk_win_64/winavr/bin/../lib/gcc/avr/4.3.3/avr5\libgcc.a(_fpcmp_parts_sf.o)
                                0x163 (size before relaxing)
 .debug_str     0x00000000       0xf4 c:/users/ahmed/desktop/embedded system/nti/avr/tools/sdk_win_64/sdk_win_64/winavr/bin/../lib/gcc/avr/4.3.3/avr5\libgcc.a(_clz.o)

.debug_loc      0x00000000      0x862
 *(.debug_loc)
 .debug_loc     0x00000000      0x32a c:/users/ahmed/desktop/embedded system/nti/avr/tools/sdk_win_64/sdk_win_64/winavr/bin/../lib/gcc/avr/4.3.3/avr5\libgcc.a(_addsub_sf.o)
 .debug_loc     0x0000032a      0x104 c:/users/ahmed/desktop/embedded system/nti/avr/tools/sdk_win_64/sdk_win_64/winavr/bin/../lib/gcc/avr/4.3.3/avr5\libgcc.a(_mul_sf.o)
 .debug_loc     0x0000042e       0x3c c:/users/ahmed/desktop/embedded system/nti/avr/tools/sdk_win_64/sdk_win_64/winavr/bin/../lib/gcc/avr/4.3.3/avr5\libgcc.a(_eq_sf.o)
 .debug_loc     0x0000046a       0xac c:/users/ahmed/desktop/embedded system/nti/avr/tools/sdk_win_64/sdk_win_64/winavr/bin/../lib/gcc/avr/4.3.3/avr5\libgcc.a(_si_to_sf.o)
 .debug_loc     0x00000516       0x7e c:/users/ahmed/desktop/embedded system/nti/avr/tools/sdk_win_64/sdk_win_64/winavr/bin/../lib/gcc/avr/4.3.3/avr5\libgcc.a(_sf_to_si.o)
 .debug_loc     0x00000594       0x94 c:/users/ahmed/desktop/embedded system/nti/avr/tools/sdk_win_64/sdk_win_64/winavr/bin/../lib/gcc/avr/4.3.3/avr5\libgcc.a(_clzsi2.o)
 .debug_loc     0x00000628      0x13e c:/users/ahmed/desktop/embedded system/nti/avr/tools/sdk_win_64/sdk_win_64/winavr/bin/../lib/gcc/avr/4.3.3/avr5\libgcc.a(_pack_sf.o)
 .debug_loc     0x00000766       0xac c:/users/ahmed/desktop/embedded system/nti/avr/tools/sdk_win_64/sdk_win_64/winavr/bin/../lib/gcc/avr/4.3.3/avr5\libgcc.a(_unpack_sf.o)
 .debug_loc     0x00000812       0x50 c:/users/ahmed/desktop/embedded system/nti/avr/tools/sdk_win_64/sdk_win_64/winavr/bin/../lib/gcc/avr/4.3.3/avr5\libgcc.a(_fpcmp_parts_sf.o)

.debug_macinfo
 *(.debug_macinfo)
OUTPUT(RTOS_Project.elf elf32-avr)
LOAD linker stubs

.debug_ranges   0x00000000       0x50
 .debug_ranges  0x00000000       0x50 c:/users/ahmed/desktop/embedded system/nti/avr/tools/sdk_win_64/sdk_win_64/winavr/bin/../lib/gcc/avr/4.3.3/avr5\libgcc.a(_mul_sf.o)
